{
  _type: 'element',
  tags: null,
  links: null,
  _stage: 'layouted',
  sourcePath: 'tock.c4',
  description: null,
  title: 'Tock Helm Chart - Vue d\'ensemble',
  id: 'index',
  autoLayout: {
    direction: 'TB',
  },
  hash: 'mSj9lZMwPaSXYCc9rVTDjjugMGd-gBKN54x0HjcrOik',
  bounds: {
    x: -14,
    y: -30,
    width: 3372,
    height: 4248,
  },
  nodes: [
    {
      id: 'opensearchDashboards',
      parent: null,
      level: 0,
      children: [],
      inEdges: [],
      outEdges: [
        'i3qn8d',
      ],
      title: 'opensearch-dashboards',
      modelRef: 'opensearchDashboards',
      shape: 'rectangle',
      color: 'primary',
      style: {
        opacity: 15,
        size: 'md',
      },
      description: {
        txt: 'UI d\'administration/monitoring d\'OpenSearch. Conditionné par global.deployOpenSearch.enabled (dashboardEnabled)',
      },
      tags: [],
      technology: 'opensearch-project subchart 2.19.0',
      kind: 'system',
      x: 506,
      y: 4018,
      width: 341,
      height: 180,
      labelBBox: {
        x: 18,
        y: 29,
        width: 306,
        height: 120,
      },
      navigateTo: null,
      links: null,
    },
    {
      id: 'admin',
      parent: null,
      level: 0,
      children: [],
      inEdges: [],
      outEdges: [
        '94iuqm',
      ],
      title: 'Administrateur / Concepteur de bot',
      modelRef: 'admin',
      shape: 'person',
      color: 'primary',
      style: {
        opacity: 15,
        size: 'md',
      },
      description: {
        txt: 'Configure NLU, RAG et scénarios via Tock Studio',
      },
      tags: [],
      kind: 'actor',
      x: 772,
      y: 0,
      width: 350,
      height: 180,
      labelBBox: {
        x: 18,
        y: 56,
        width: 314,
        height: 65,
      },
      navigateTo: null,
      links: null,
    },
    {
      id: 'endUser',
      parent: null,
      level: 0,
      children: [],
      inEdges: [],
      outEdges: [
        'eza86p',
      ],
      title: 'Utilisateur final',
      modelRef: 'endUser',
      shape: 'person',
      color: 'primary',
      style: {
        opacity: 15,
        size: 'md',
      },
      description: {
        txt: 'Discute avec le bot via un canal connecté à bot-api',
      },
      tags: [],
      kind: 'actor',
      x: 1408,
      y: -10,
      width: 328,
      height: 180,
      labelBBox: {
        x: 18,
        y: 56,
        width: 292,
        height: 65,
      },
      navigateTo: null,
      links: null,
    },
    {
      id: 'tock',
      parent: null,
      level: 0,
      children: [
        'tock.buildWorker',
        'tock.adminWeb',
        'tock.botApi',
        'tock.kotlinCompiler',
        'tock.nlpApi',
        'tock.genaiOrchestrator',
        'tock.duckling',
      ],
      inEdges: [
        '94iuqm',
        'eza86p',
      ],
      outEdges: [
        '1301abu',
        '1p2vr41',
        'cliz0q',
        '14bir9x',
        'i1kmlc',
        'yqghgq',
        '18swrw2',
        'mj2632',
      ],
      title: 'Tock (Kubernetes namespace)',
      modelRef: 'tock',
      shape: 'rectangle',
      color: 'primary',
      style: {
        opacity: 15,
        size: 'md',
      },
      description: {
        txt: 'Composants déployés par le chart charts/tock',
      },
      tags: [],
      kind: 'system',
      depth: 2,
      navigateTo: 'tockOverview',
      x: 6,
      y: 272,
      width: 2322,
      height: 3337,
      labelBBox: {
        x: 6,
        y: 0,
        width: 195,
        height: 15,
      },
      links: null,
    },
    {
      id: 'tock.buildWorker',
      parent: 'tock',
      level: 1,
      children: [
        'tock.buildWorker.pod',
        'tock.buildWorker.configmap',
      ],
      inEdges: [],
      outEdges: [
        'i1kmlc',
      ],
      title: 'build-worker',
      modelRef: 'tock.buildWorker',
      shape: 'rectangle',
      color: 'primary',
      style: {
        opacity: 15,
        size: 'md',
      },
      description: {
        txt: 'Worker asynchrone sans Service k8s exposé (pas de fichier .service.yaml)',
      },
      tags: [],
      technology: 'Java',
      kind: 'application',
      depth: 1,
      x: 1832,
      y: 340,
      width: 454,
      height: 573,
      labelBBox: {
        x: 6,
        y: 0,
        width: 91,
        height: 15,
      },
      navigateTo: null,
      links: null,
    },
    {
      id: 'tock.adminWeb',
      parent: 'tock',
      level: 1,
      children: [
        'tock.adminWeb.ingress',
        'tock.adminWeb.svc',
        'tock.adminWeb.pod',
        'tock.adminWeb.configmap',
      ],
      inEdges: [
        '94iuqm',
      ],
      outEdges: [
        '1301abu',
        '18wrwuh',
        '1fpcmcd',
        'j7zbf4',
        'avzvpe',
      ],
      title: 'admin-web (bot_admin)',
      modelRef: 'tock.adminWeb',
      shape: 'rectangle',
      color: 'primary',
      style: {
        opacity: 15,
        size: 'md',
      },
      description: {
        txt: 'Tock Studio : UI admin, NLU, RAG, gestion des bots',
      },
      tags: [],
      technology: 'Vert.x / Java',
      kind: 'application',
      depth: 1,
      x: 722,
      y: 332,
      width: 450,
      height: 1285,
      labelBBox: {
        x: 6,
        y: 0,
        width: 145,
        height: 15,
      },
      navigateTo: null,
      links: null,
    },
    {
      id: 'tock.buildWorker.pod',
      parent: 'tock.buildWorker',
      level: 2,
      children: [],
      inEdges: [],
      outEdges: [
        'i1kmlc',
        'jieio7',
      ],
      title: 'build-worker pod',
      modelRef: 'tock.buildWorker.pod',
      shape: 'rectangle',
      color: 'primary',
      icon: 'bootstrap:boxes',
      style: {
        opacity: 15,
        size: 'md',
      },
      description: {
        txt: 'Conteneur principal du pod build-worker',
      },
      tags: [],
      technology: 'Java',
      kind: 'container',
      x: 1899,
      y: 400,
      width: 320,
      height: 180,
      labelBBox: {
        x: 54,
        y: 46,
        width: 242,
        height: 85,
      },
      navigateTo: null,
      links: null,
    },
    {
      id: 'tock.adminWeb.ingress',
      parent: 'tock.adminWeb',
      level: 2,
      children: [],
      inEdges: [
        '94iuqm',
      ],
      outEdges: [
        'fkmu63',
      ],
      title: 'admin-web Ingress',
      modelRef: 'tock.adminWeb.ingress',
      shape: 'rectangle',
      color: 'primary',
      icon: 'https://icons.terrastruct.com/gcp%2FProducts%20and%20services%2FNetworking%2FCloud%20Load%20Balancing.svg',
      style: {
        opacity: 15,
        size: 'md',
      },
      description: {
        txt: 'Expose le Service admin-web aux utilisateurs finaux via HTTPS',
      },
      tags: [],
      technology: 'Kubernetes Ingress',
      kind: 'component',
      x: 772,
      y: 393,
      width: 350,
      height: 180,
      labelBBox: {
        x: 46,
        y: 46,
        width: 288,
        height: 85,
      },
      navigateTo: null,
      links: null,
    },
    {
      id: 'tock.buildWorker.configmap',
      parent: 'tock.buildWorker',
      level: 2,
      children: [],
      inEdges: [
        'jieio7',
      ],
      outEdges: [],
      title: 'build-worker ConfigMap',
      modelRef: 'tock.buildWorker.configmap',
      shape: 'rectangle',
      color: 'primary',
      icon: 'bootstrap:card-text',
      style: {
        opacity: 15,
        size: 'md',
      },
      description: {
        txt: 'Contient les variables d\'environnement du pod build-worker',
      },
      tags: [],
      technology: 'Kubernetes ConfigMap',
      kind: 'component',
      x: 1874,
      y: 691,
      width: 370,
      height: 180,
      labelBBox: {
        x: 46,
        y: 46,
        width: 308,
        height: 85,
      },
      navigateTo: null,
      links: null,
    },
    {
      id: 'tock.adminWeb.svc',
      parent: 'tock.adminWeb',
      level: 2,
      children: [],
      inEdges: [
        'fkmu63',
      ],
      outEdges: [
        '1esztvb',
      ],
      title: 'admin-web Service',
      modelRef: 'tock.adminWeb.svc',
      shape: 'rectangle',
      color: 'primary',
      icon: 'https://icons.terrastruct.com/azure%2FContainer%20Service%20Color%2FKubernetes%20Services.svg',
      style: {
        opacity: 15,
        size: 'md',
      },
      description: {
        txt: 'Expose le pod admin-web aux autres composants et à l\'Ingress',
      },
      tags: [],
      technology: 'Kubernetes Service ClusterIP :8080',
      kind: 'component',
      x: 762,
      y: 716,
      width: 370,
      height: 180,
      labelBBox: {
        x: 46,
        y: 46,
        width: 308,
        height: 85,
      },
      navigateTo: null,
      links: null,
    },
    {
      id: 'tock.adminWeb.pod',
      parent: 'tock.adminWeb',
      level: 2,
      children: [],
      inEdges: [
        '1esztvb',
      ],
      outEdges: [
        '1ap1tl3',
        '18wrwuh',
        '1fpcmcd',
        'j7zbf4',
        'avzvpe',
      ],
      title: 'admin-web pod',
      modelRef: 'tock.adminWeb.pod',
      shape: 'rectangle',
      color: 'primary',
      icon: 'bootstrap:boxes',
      style: {
        opacity: 15,
        size: 'md',
      },
      description: {
        txt: 'Conteneur principal du pod admin-web',
      },
      tags: [],
      technology: 'Vert.x / Java',
      kind: 'container',
      x: 769,
      y: 1048,
      width: 320,
      height: 180,
      labelBBox: {
        x: 54,
        y: 46,
        width: 242,
        height: 85,
      },
      navigateTo: null,
      links: null,
    },
    {
      id: 'tock.adminWeb.configmap',
      parent: 'tock.adminWeb',
      level: 2,
      children: [],
      inEdges: [
        '1ap1tl3',
      ],
      outEdges: [],
      title: 'admin-web ConfigMap',
      modelRef: 'tock.adminWeb.configmap',
      shape: 'rectangle',
      color: 'primary',
      icon: 'bootstrap:card-text',
      style: {
        opacity: 15,
        size: 'md',
      },
      description: {
        txt: 'Contient les variables d\'environnement du pod admin-web',
      },
      tags: [],
      technology: 'Kubernetes ConfigMap',
      kind: 'component',
      x: 770,
      y: 1397,
      width: 362,
      height: 180,
      labelBBox: {
        x: 46,
        y: 46,
        width: 300,
        height: 85,
      },
      navigateTo: null,
      links: null,
    },
    {
      id: 'tock.botApi',
      parent: 'tock',
      level: 1,
      children: [
        'tock.botApi.ingress',
        'tock.botApi.svc',
        'tock.botApi.pod',
        'tock.botApi.configmap',
      ],
      inEdges: [
        'eza86p',
        '18wrwuh',
      ],
      outEdges: [
        '1p2vr41',
        '15pmon0',
        '1b7y3gc',
      ],
      title: 'bot-api',
      modelRef: 'tock.botApi',
      shape: 'rectangle',
      color: 'primary',
      style: {
        opacity: 15,
        size: 'md',
      },
      description: {
        txt: 'API REST d\'exécution de la logique conversationnelle',
      },
      tags: [],
      technology: 'Vert.x / Java',
      kind: 'application',
      depth: 1,
      x: 1340,
      y: 343,
      width: 434,
      height: 1285,
      labelBBox: {
        x: 6,
        y: 0,
        width: 49,
        height: 15,
      },
      navigateTo: null,
      links: null,
    },
    {
      id: 'tock.kotlinCompiler',
      parent: 'tock',
      level: 1,
      children: [
        'tock.kotlinCompiler.svc',
        'tock.kotlinCompiler.pod',
        'tock.kotlinCompiler.configmap',
      ],
      inEdges: [
        'j7zbf4',
      ],
      outEdges: [],
      title: 'kotlin-compiler',
      modelRef: 'tock.kotlinCompiler',
      shape: 'rectangle',
      color: 'primary',
      style: {
        opacity: 15,
        size: 'md',
      },
      description: {
        txt: 'Compile les scripts de scénarios de bot (DSL Kotlin)',
      },
      tags: [],
      technology: 'Kotlin/JVM',
      kind: 'application',
      depth: 1,
      x: 48,
      y: 1336,
      width: 436,
      height: 936,
      labelBBox: {
        x: 6,
        y: 0,
        width: 107,
        height: 15,
      },
      navigateTo: null,
      links: null,
    },
    {
      id: 'tock.botApi.ingress',
      parent: 'tock.botApi',
      level: 2,
      children: [],
      inEdges: [
        'eza86p',
      ],
      outEdges: [
        'jp3jsr',
      ],
      title: 'bot-api Ingress',
      modelRef: 'tock.botApi.ingress',
      shape: 'rectangle',
      color: 'primary',
      icon: 'https://icons.terrastruct.com/gcp%2FProducts%20and%20services%2FNetworking%2FCloud%20Load%20Balancing.svg',
      style: {
        opacity: 15,
        size: 'md',
      },
      description: {
        txt: 'Expose le Service bot-api aux utilisateurs finaux via HTTPS',
      },
      tags: [],
      technology: 'Kubernetes Ingress',
      kind: 'component',
      x: 1412,
      y: 404,
      width: 322,
      height: 180,
      labelBBox: {
        x: 46,
        y: 46,
        width: 260,
        height: 85,
      },
      navigateTo: null,
      links: null,
    },
    {
      id: 'tock.kotlinCompiler.svc',
      parent: 'tock.kotlinCompiler',
      level: 2,
      children: [],
      inEdges: [
        'j7zbf4',
      ],
      outEdges: [
        '8eoqlz',
      ],
      title: 'kotlin-compiler Service',
      modelRef: 'tock.kotlinCompiler.svc',
      shape: 'rectangle',
      color: 'primary',
      icon: 'https://icons.terrastruct.com/azure%2FContainer%20Service%20Color%2FKubernetes%20Services.svg',
      style: {
        opacity: 15,
        size: 'md',
      },
      description: {
        txt: 'Expose le pod kotlin-compiler aux autres composants',
      },
      tags: [],
      technology: 'Kubernetes Service ClusterIP :8080',
      kind: 'component',
      x: 88,
      y: 1397,
      width: 348,
      height: 180,
      labelBBox: {
        x: 46,
        y: 46,
        width: 286,
        height: 85,
      },
      navigateTo: null,
      links: null,
    },
    {
      id: 'tock.botApi.svc',
      parent: 'tock.botApi',
      level: 2,
      children: [],
      inEdges: [
        '18wrwuh',
        'jp3jsr',
      ],
      outEdges: [
        'xmck53',
      ],
      title: 'bot-api Service',
      modelRef: 'tock.botApi.svc',
      shape: 'rectangle',
      color: 'primary',
      icon: 'https://icons.terrastruct.com/azure%2FContainer%20Service%20Color%2FKubernetes%20Services.svg',
      style: {
        opacity: 15,
        size: 'md',
      },
      description: {
        txt: 'Expose le pod bot-api aux autres composants et à l\'Ingress',
      },
      tags: [],
      technology: 'Kubernetes Service ClusterIP :8080',
      kind: 'component',
      x: 1385,
      y: 753,
      width: 343,
      height: 180,
      labelBBox: {
        x: 46,
        y: 46,
        width: 282,
        height: 85,
      },
      navigateTo: null,
      links: null,
    },
    {
      id: 'tock.kotlinCompiler.pod',
      parent: 'tock.kotlinCompiler',
      level: 2,
      children: [],
      inEdges: [
        '8eoqlz',
      ],
      outEdges: [
        'oz3v2f',
      ],
      title: 'kotlin-compiler pod',
      modelRef: 'tock.kotlinCompiler.pod',
      shape: 'rectangle',
      color: 'primary',
      icon: 'bootstrap:boxes',
      style: {
        opacity: 15,
        size: 'md',
      },
      description: {
        txt: 'Conteneur principal du pod kotlin-compiler',
      },
      tags: [],
      technology: 'Kotlin/JVM',
      kind: 'container',
      x: 102,
      y: 1720,
      width: 320,
      height: 180,
      labelBBox: {
        x: 54,
        y: 46,
        width: 242,
        height: 84,
      },
      navigateTo: null,
      links: null,
    },
    {
      id: 'tock.botApi.pod',
      parent: 'tock.botApi',
      level: 2,
      children: [],
      inEdges: [
        'xmck53',
      ],
      outEdges: [
        '1p2vr41',
        'tyfft3',
        '15pmon0',
        '1b7y3gc',
      ],
      title: 'bot-api pod',
      modelRef: 'tock.botApi.pod',
      shape: 'rectangle',
      color: 'primary',
      icon: 'bootstrap:boxes',
      style: {
        opacity: 15,
        size: 'md',
      },
      description: {
        txt: 'Conteneur principal du pod bot-api',
      },
      tags: [],
      technology: 'Vert.x / Java',
      kind: 'container',
      x: 1380,
      y: 1076,
      width: 354,
      height: 180,
      labelBBox: {
        x: 46,
        y: 55,
        width: 292,
        height: 66,
      },
      navigateTo: null,
      links: null,
    },
    {
      id: 'tock.kotlinCompiler.configmap',
      parent: 'tock.kotlinCompiler',
      level: 2,
      children: [],
      inEdges: [
        'oz3v2f',
      ],
      outEdges: [],
      title: 'kotlin-compiler ConfigMap',
      modelRef: 'tock.kotlinCompiler.configmap',
      shape: 'rectangle',
      color: 'primary',
      icon: 'bootstrap:card-text',
      style: {
        opacity: 15,
        size: 'md',
      },
      description: {
        txt: 'Contient les variables d\'environnement du pod kotlin-compiler',
      },
      tags: [],
      technology: 'Kubernetes ConfigMap',
      kind: 'component',
      x: 88,
      y: 2052,
      width: 355,
      height: 180,
      labelBBox: {
        x: 46,
        y: 37,
        width: 294,
        height: 102,
      },
      navigateTo: null,
      links: null,
    },
    {
      id: 'tock.botApi.configmap',
      parent: 'tock.botApi',
      level: 2,
      children: [],
      inEdges: [
        'tyfft3',
      ],
      outEdges: [],
      title: 'bot-api ConfigMap',
      modelRef: 'tock.botApi.configmap',
      shape: 'rectangle',
      color: 'primary',
      icon: 'bootstrap:card-text',
      style: {
        opacity: 15,
        size: 'md',
      },
      description: {
        txt: 'Contient les variables d\'environnement du pod bot-api',
      },
      tags: [],
      technology: 'Kubernetes ConfigMap',
      kind: 'component',
      x: 1390,
      y: 1408,
      width: 334,
      height: 180,
      labelBBox: {
        x: 46,
        y: 46,
        width: 272,
        height: 84,
      },
      navigateTo: null,
      links: null,
    },
    {
      id: 'tock.nlpApi',
      parent: 'tock',
      level: 1,
      children: [
        'tock.nlpApi.svc',
        'tock.nlpApi.pod',
        'tock.nlpApi.configmap',
      ],
      inEdges: [
        '15pmon0',
      ],
      outEdges: [
        'cliz0q',
        'zy5y08',
      ],
      title: 'nlp-api',
      modelRef: 'tock.nlpApi',
      shape: 'rectangle',
      color: 'primary',
      style: {
        opacity: 15,
        size: 'md',
      },
      description: {
        txt: 'Moteur NLU : classification d\'intentions, extraction d\'entités',
      },
      tags: [],
      technology: 'Vert.x / Java',
      kind: 'application',
      depth: 1,
      x: 1829,
      y: 1990,
      width: 434,
      height: 931,
      labelBBox: {
        x: 6,
        y: 0,
        width: 48,
        height: 15,
      },
      navigateTo: null,
      links: null,
    },
    {
      id: 'tock.genaiOrchestrator',
      parent: 'tock',
      level: 1,
      children: [
        'tock.genaiOrchestrator.svc',
        'tock.genaiOrchestrator.pod',
        'tock.genaiOrchestrator.configmap',
      ],
      inEdges: [
        'avzvpe',
        '1b7y3gc',
      ],
      outEdges: [
        'yqghgq',
        '18swrw2',
        'mj2632',
      ],
      title: 'genai-orchestrator',
      modelRef: 'tock.genaiOrchestrator',
      shape: 'rectangle',
      color: 'primary',
      style: {
        opacity: 15,
        size: 'md',
      },
      description: {
        txt: 'Orchestration des appels LLM/RAG (prompts, embeddings, vector store)',
      },
      tags: [],
      technology: 'Python',
      kind: 'application',
      depth: 1,
      x: 837,
      y: 1990,
      width: 468,
      height: 931,
      labelBBox: {
        x: 6,
        y: 0,
        width: 135,
        height: 15,
      },
      navigateTo: null,
      links: null,
    },
    {
      id: 'tock.nlpApi.svc',
      parent: 'tock.nlpApi',
      level: 2,
      children: [],
      inEdges: [
        '15pmon0',
      ],
      outEdges: [
        '943987',
      ],
      title: 'nlp-api Service',
      modelRef: 'tock.nlpApi.svc',
      shape: 'rectangle',
      color: 'primary',
      icon: 'https://icons.terrastruct.com/azure%2FContainer%20Service%20Color%2FKubernetes%20Services.svg',
      style: {
        opacity: 15,
        size: 'md',
      },
      description: {
        txt: 'Expose le pod nlp-api aux autres composants',
      },
      tags: [],
      technology: 'Kubernetes Service ClusterIP :8080',
      kind: 'component',
      x: 1875,
      y: 2052,
      width: 342,
      height: 180,
      labelBBox: {
        x: 46,
        y: 46,
        width: 280,
        height: 84,
      },
      navigateTo: null,
      links: null,
    },
    {
      id: 'tock.genaiOrchestrator.svc',
      parent: 'tock.genaiOrchestrator',
      level: 2,
      children: [],
      inEdges: [
        'avzvpe',
        '1b7y3gc',
      ],
      outEdges: [
        '1gsxqzb',
      ],
      title: 'genai-orchestrator Service',
      modelRef: 'tock.genaiOrchestrator.svc',
      shape: 'rectangle',
      color: 'primary',
      icon: 'https://icons.terrastruct.com/azure%2FContainer%20Service%20Color%2FKubernetes%20Services.svg',
      style: {
        opacity: 15,
        size: 'md',
      },
      description: {
        txt: 'Expose le pod genai-orchestrator aux autres composants',
      },
      tags: [],
      technology: 'Kubernetes Service ClusterIP :8000',
      kind: 'component',
      x: 892,
      y: 2052,
      width: 358,
      height: 180,
      labelBBox: {
        x: 46,
        y: 46,
        width: 296,
        height: 84,
      },
      navigateTo: null,
      links: null,
    },
    {
      id: 'tock.nlpApi.pod',
      parent: 'tock.nlpApi',
      level: 2,
      children: [],
      inEdges: [
        '943987',
      ],
      outEdges: [
        'cliz0q',
        '5dnddz',
        'zy5y08',
      ],
      title: 'nlp-api pod',
      modelRef: 'tock.nlpApi.pod',
      shape: 'rectangle',
      color: 'primary',
      icon: 'bootstrap:boxes',
      style: {
        opacity: 15,
        size: 'md',
      },
      description: {
        txt: 'Conteneur principal du pod nlp-api',
      },
      tags: [],
      technology: 'Vert.x / Java',
      kind: 'container',
      x: 1869,
      y: 2353,
      width: 353,
      height: 180,
      labelBBox: {
        x: 46,
        y: 55,
        width: 292,
        height: 66,
      },
      navigateTo: null,
      links: null,
    },
    {
      id: 'tock.genaiOrchestrator.pod',
      parent: 'tock.genaiOrchestrator',
      level: 2,
      children: [],
      inEdges: [
        '1gsxqzb',
      ],
      outEdges: [
        'yqghgq',
        '18swrw2',
        'mj2632',
        '19kbm4n',
      ],
      title: 'genai-orchestrator pod',
      modelRef: 'tock.genaiOrchestrator.pod',
      shape: 'rectangle',
      color: 'primary',
      icon: 'bootstrap:boxes',
      style: {
        opacity: 15,
        size: 'md',
      },
      description: {
        txt: 'Conteneur principal du pod genai-orchestrator',
      },
      tags: [],
      technology: 'Python',
      kind: 'container',
      x: 908,
      y: 2353,
      width: 325,
      height: 180,
      labelBBox: {
        x: 46,
        y: 46,
        width: 264,
        height: 84,
      },
      navigateTo: null,
      links: null,
    },
    {
      id: 'tock.nlpApi.configmap',
      parent: 'tock.nlpApi',
      level: 2,
      children: [],
      inEdges: [
        '5dnddz',
      ],
      outEdges: [],
      title: 'nlp-api ConfigMap',
      modelRef: 'tock.nlpApi.configmap',
      shape: 'rectangle',
      color: 'primary',
      icon: 'bootstrap:card-text',
      style: {
        opacity: 15,
        size: 'md',
      },
      description: {
        txt: 'Contient les variables d\'environnement du pod nlp-api',
      },
      tags: [],
      technology: 'Kubernetes ConfigMap',
      kind: 'component',
      x: 1879,
      y: 2701,
      width: 333,
      height: 180,
      labelBBox: {
        x: 46,
        y: 47,
        width: 272,
        height: 84,
      },
      navigateTo: null,
      links: null,
    },
    {
      id: 'tock.duckling',
      parent: 'tock',
      level: 1,
      children: [
        'tock.duckling.svc',
        'tock.duckling.pod',
        'tock.duckling.configmap',
      ],
      inEdges: [
        '1fpcmcd',
        'zy5y08',
      ],
      outEdges: [
        '14bir9x',
      ],
      title: 'duckling',
      modelRef: 'tock.duckling',
      shape: 'rectangle',
      color: 'primary',
      style: {
        opacity: 15,
        size: 'md',
      },
      description: {
        txt: 'Extraction d\'entités (dates, montants, durées...)',
      },
      tags: [],
      technology: 'Haskell (facebook/duckling)',
      kind: 'application',
      depth: 1,
      x: 1345,
      y: 2640,
      width: 444,
      height: 927,
      labelBBox: {
        x: 6,
        y: 0,
        width: 62,
        height: 15,
      },
      navigateTo: null,
      links: null,
    },
    {
      id: 'opensearch',
      parent: null,
      level: 0,
      children: [],
      inEdges: [
        'i3qn8d',
        '18swrw2',
      ],
      outEdges: [],
      title: 'opensearch',
      modelRef: 'opensearch',
      shape: 'rectangle',
      color: 'primary',
      icon: 'tech:opensearch',
      style: {
        opacity: 15,
        size: 'md',
      },
      description: {
        txt: 'Vector store (option 1 pour le RAG). Conditionné par global.deployOpenSearch.enabled',
      },
      tags: [],
      technology: 'opensearch-project subchart 2.21.0',
      kind: 'database',
      x: 505,
      y: 3735,
      width: 354,
      height: 180,
      labelBBox: {
        x: 46,
        y: 38,
        width: 292,
        height: 102,
      },
      navigateTo: null,
      links: null,
    },
    {
      id: 'postgresql',
      parent: null,
      level: 0,
      children: [],
      inEdges: [
        'mj2632',
      ],
      outEdges: [],
      title: 'postgresql (pgvector)',
      modelRef: 'postgresql',
      shape: 'rectangle',
      color: 'primary',
      icon: 'tech:postgresql',
      style: {
        opacity: 15,
        size: 'md',
      },
      description: {
        txt: 'Vector store (option 2 pour le RAG). Conditionné par global.deployPgVector.enabled',
      },
      tags: [],
      technology: 'Bitnami subchart 13.4.4',
      kind: 'database',
      x: 11,
      y: 3743,
      width: 331,
      height: 180,
      labelBBox: {
        x: 46,
        y: 38,
        width: 270,
        height: 102,
      },
      navigateTo: null,
      links: null,
    },
    {
      id: 'tock.genaiOrchestrator.configmap',
      parent: 'tock.genaiOrchestrator',
      level: 2,
      children: [],
      inEdges: [
        '19kbm4n',
      ],
      outEdges: [],
      title: 'genai-orchestrator ConfigMap',
      modelRef: 'tock.genaiOrchestrator.configmap',
      shape: 'rectangle',
      color: 'primary',
      icon: 'bootstrap:card-text',
      style: {
        opacity: 15,
        size: 'md',
      },
      description: {
        txt: 'Contient les variables d\'environnement du pod genai-orchestrator',
      },
      tags: [],
      technology: 'Kubernetes ConfigMap',
      kind: 'component',
      x: 877,
      y: 2701,
      width: 388,
      height: 180,
      labelBBox: {
        x: 46,
        y: 38,
        width: 326,
        height: 102,
      },
      navigateTo: null,
      links: null,
    },
    {
      id: 'tock.duckling.svc',
      parent: 'tock.duckling',
      level: 2,
      children: [],
      inEdges: [
        '1fpcmcd',
        'zy5y08',
      ],
      outEdges: [
        '1qvjj93',
      ],
      title: 'duckling Service',
      modelRef: 'tock.duckling.svc',
      shape: 'rectangle',
      color: 'primary',
      icon: 'https://icons.terrastruct.com/azure%2FContainer%20Service%20Color%2FKubernetes%20Services.svg',
      style: {
        opacity: 15,
        size: 'md',
      },
      description: {
        txt: 'Expose le pod duckling aux autres composants',
      },
      tags: [],
      technology: 'Kubernetes Service ClusterIP :8080',
      kind: 'component',
      x: 1391,
      y: 2701,
      width: 352,
      height: 180,
      labelBBox: {
        x: 46,
        y: 47,
        width: 290,
        height: 84,
      },
      navigateTo: null,
      links: null,
    },
    {
      id: 'tock.duckling.pod',
      parent: 'tock.duckling',
      level: 2,
      children: [],
      inEdges: [
        '1qvjj93',
      ],
      outEdges: [
        '14bir9x',
        '15zvz0n',
      ],
      title: 'duckling pod',
      modelRef: 'tock.duckling.pod',
      shape: 'rectangle',
      color: 'primary',
      icon: 'bootstrap:boxes',
      style: {
        opacity: 15,
        size: 'md',
      },
      description: {
        txt: 'Conteneur principal du pod duckling',
      },
      tags: [],
      technology: 'Haskell (facebook/duckling)',
      kind: 'container',
      x: 1385,
      y: 3024,
      width: 363,
      height: 180,
      labelBBox: {
        x: 46,
        y: 55,
        width: 302,
        height: 67,
      },
      navigateTo: null,
      links: null,
    },
    {
      id: 'mongodb',
      parent: null,
      level: 0,
      children: [],
      inEdges: [
        '1301abu',
        '1p2vr41',
        'cliz0q',
        '14bir9x',
        'i1kmlc',
        'yqghgq',
      ],
      outEdges: [],
      title: 'mongodb',
      modelRef: 'mongodb',
      shape: 'rectangle',
      color: 'primary',
      icon: 'tech:mongodb',
      style: {
        opacity: 15,
        size: 'md',
      },
      description: {
        txt: 'Stockage principal (config, données conversationnelles, modèles NLU). Conditionné par global.deployMongoDb.enabled',
      },
      tags: [],
      technology: 'Bitnami subchart 14.8.3',
      kind: 'database',
      x: 2371,
      y: 3418,
      width: 361,
      height: 180,
      labelBBox: {
        x: 46,
        y: 28,
        width: 300,
        height: 121,
      },
      navigateTo: null,
      links: null,
    },
    {
      id: 'tock.duckling.configmap',
      parent: 'tock.duckling',
      level: 2,
      children: [],
      inEdges: [
        '15zvz0n',
      ],
      outEdges: [],
      title: 'duckling ConfigMap',
      modelRef: 'tock.duckling.configmap',
      shape: 'rectangle',
      color: 'primary',
      icon: 'bootstrap:card-text',
      style: {
        opacity: 15,
        size: 'md',
      },
      description: {
        txt: 'Contient les variables d\'environnement du pod duckling',
      },
      tags: [],
      technology: 'Kubernetes ConfigMap',
      kind: 'component',
      x: 1395,
      y: 3347,
      width: 343,
      height: 180,
      labelBBox: {
        x: 46,
        y: 46,
        width: 282,
        height: 85,
      },
      navigateTo: null,
      links: null,
    },
  ],
  edges: [
    {
      id: 'i3qn8d',
      parent: null,
      source: 'opensearchDashboards',
      target: 'opensearch',
      label: 'Administration / visualisation',
      relations: [
        'oaav5v',
      ],
      color: 'gray',
      line: 'dashed',
      head: 'normal',
      description: {
        txt: 'HTTP',
      },
      points: [
        [
          3349,
          2791,
        ],
        [
          3436,
          2791,
        ],
        [
          3542,
          2791,
        ],
        [
          3632,
          2791,
        ],
      ],
      labelBBox: {
        x: 669,
        y: 3987,
        width: 181,
        height: 18,
      },
      isLabelCustomized: false,
      controlPoints: [
        {
          x: 679,
          y: 3970,
        },
      ],
      navigateTo: null,
      tags: null,
    },
    {
      id: '94iuqm',
      parent: null,
      source: 'admin',
      target: 'tock.adminWeb.ingress',
      label: 'Administre Tock Studio',
      relations: [
        '10g2dip',
      ],
      color: 'gray',
      line: 'dashed',
      head: 'normal',
      description: {
        txt: 'HTTPS via Ingress',
      },
      points: [
        [
          947,
          180,
        ],
        [
          947,
          240,
        ],
        [
          947,
          321,
        ],
        [
          947,
          383,
        ],
      ],
      labelBBox: {
        x: 948,
        y: 241,
        width: 148,
        height: 18,
      },
      isLabelCustomized: false,
      controlPoints: null,
      navigateTo: null,
      tags: null,
    },
    {
      id: 'eza86p',
      parent: null,
      source: 'endUser',
      target: 'tock.botApi.ingress',
      label: 'Envoie des messages',
      relations: [
        '9h9rdd',
      ],
      color: 'gray',
      line: 'dashed',
      head: 'normal',
      description: {
        txt: 'HTTPS via Ingress',
      },
      points: [
        [
          2343,
          866,
        ],
        [
          2178,
          925,
        ],
        [
          1926,
          1016,
        ],
        [
          1759,
          1076,
        ],
      ],
      labelBBox: {
        x: 1570,
        y: 271,
        width: 141,
        height: 18,
      },
      isLabelCustomized: false,
      controlPoints: [
        {
          x: 1571,
          y: 321,
        },
      ],
      navigateTo: null,
      tags: null,
    },
    {
      id: '1p2vr41',
      parent: null,
      source: 'tock.botApi.pod',
      target: 'mongodb',
      label: 'tock_mongo_url',
      relations: [
        '1vfs8e4',
      ],
      color: 'gray',
      line: 'dashed',
      head: 'normal',
      description: {
        txt: 'MongoDB Wire Protocol',
      },
      points: [
        [
          1749,
          1813,
        ],
        [
          2366,
          1822,
        ],
        [
          4384,
          1874,
        ],
        [
          4384,
          2141,
        ],
        [
          4384,
          2141,
        ],
        [
          4384,
          2141,
        ],
        [
          4384,
          3115,
        ],
        [
          4384,
          3189,
        ],
        [
          4384,
          3273,
        ],
        [
          4384,
          3337,
        ],
      ],
      labelBBox: {
        x: 2841,
        y: 2578,
        width: 104,
        height: 18,
      },
      isLabelCustomized: false,
      controlPoints: [
        {
          x: 2489,
          y: 1569,
        },
        {
          x: 2958,
          y: 2200,
        },
        {
          x: 2623,
          y: 3276,
        },
      ],
      navigateTo: null,
      tags: null,
    },
    {
      id: 'cliz0q',
      parent: null,
      source: 'tock.nlpApi.pod',
      target: 'mongodb',
      label: 'tock_mongo_url',
      relations: [
        '15bxnqs',
      ],
      color: 'gray',
      line: 'dashed',
      head: 'normal',
      description: {
        txt: 'MongoDB Wire Protocol',
      },
      points: [
        [
          2222,
          2450,
        ],
        [
          2685,
          2470,
        ],
        [
          3907,
          2531,
        ],
        [
          4051,
          2640,
        ],
        [
          4112,
          2687,
        ],
        [
          4268,
          3217,
        ],
        [
          4301,
          3287,
        ],
        [
          4309,
          3304,
        ],
        [
          4318,
          3322,
        ],
        [
          4327,
          3338,
        ],
      ],
      labelBBox: {
        x: 2626,
        y: 3002,
        width: 104,
        height: 18,
      },
      isLabelCustomized: false,
      controlPoints: [
        {
          x: 2433,
          y: 2542,
        },
        {
          x: 2594,
          y: 3175,
        },
        {
          x: 2563,
          y: 3379,
        },
      ],
      navigateTo: null,
      tags: null,
    },
    {
      id: '14bir9x',
      parent: null,
      source: 'tock.duckling.pod',
      target: 'mongodb',
      label: 'tock_mongo_url',
      relations: [
        '524nol',
      ],
      color: 'gray',
      line: 'dashed',
      head: 'normal',
      description: {
        txt: 'MongoDB Wire Protocol',
      },
      points: [
        [
          1748,
          3148,
        ],
        [
          1963,
          3186,
        ],
        [
          2333,
          3248,
        ],
        [
          2652,
          3287,
        ],
        [
          3210,
          3355,
        ],
        [
          3873,
          3403,
        ],
        [
          4193,
          3424,
        ],
      ],
      labelBBox: {
        x: 1944,
        y: 3292,
        width: 104,
        height: 18,
      },
      isLabelCustomized: false,
      controlPoints: [
        {
          x: 1771,
          y: 3232,
        },
        {
          x: 2243,
          y: 3422,
        },
      ],
      navigateTo: null,
      tags: null,
    },
    {
      id: 'i1kmlc',
      parent: null,
      source: 'tock.buildWorker.pod',
      target: 'mongodb',
      label: 'tock_mongo_url',
      relations: [
        '1np5x4q',
      ],
      color: 'gray',
      line: 'dashed',
      head: 'normal',
      description: {
        txt: 'MongoDB Wire Protocol',
      },
      points: [
        [
          1572,
          548,
        ],
        [
          1640,
          573,
        ],
        [
          1722,
          598,
        ],
        [
          1798,
          613,
        ],
        [
          1964,
          646,
        ],
        [
          4828,
          636,
        ],
        [
          4828,
          805,
        ],
        [
          4828,
          805,
        ],
        [
          4828,
          805,
        ],
        [
          4828,
          3115,
        ],
        [
          4828,
          3249,
        ],
        [
          4695,
          3332,
        ],
        [
          4574,
          3380,
        ],
      ],
      labelBBox: {
        x: 3234,
        y: 1762,
        width: 104,
        height: 18,
      },
      isLabelCustomized: false,
      controlPoints: [
        {
          x: 2180,
          y: 594,
        },
        {
          x: 2668,
          y: 654,
        },
        {
          x: 3142,
          y: 1176,
        },
        {
          x: 2891,
          y: 3349,
        },
      ],
      navigateTo: null,
      tags: null,
    },
    {
      id: 'yqghgq',
      parent: null,
      source: 'tock.genaiOrchestrator.pod',
      target: 'mongodb',
      label: 'tock_mongo_url',
      relations: [
        '1ogcmoj',
      ],
      color: 'gray',
      line: 'dashed',
      head: 'normal',
      description: {
        txt: 'MongoDB Wire Protocol',
      },
      points: [
        [
          1233,
          2465,
        ],
        [
          1381,
          2485,
        ],
        [
          1606,
          2513,
        ],
        [
          1802,
          2533,
        ],
        [
          2130,
          2566,
        ],
        [
          2216,
          2539,
        ],
        [
          2542,
          2593,
        ],
        [
          2627,
          2607,
        ],
        [
          2658,
          2593,
        ],
        [
          2730,
          2640,
        ],
        [
          2864,
          2727,
        ],
        [
          2823,
          2828,
        ],
        [
          2952,
          2921,
        ],
        [
          3343,
          3203,
        ],
        [
          3903,
          3344,
        ],
        [
          4193,
          3402,
        ],
      ],
      labelBBox: {
        x: 1947,
        y: 2982,
        width: 104,
        height: 18,
      },
      isLabelCustomized: false,
      controlPoints: [
        {
          x: 1273,
          y: 2507,
        },
        {
          x: 1570,
          y: 2574,
        },
        {
          x: 1802,
          y: 2631,
        },
        {
          x: 1892,
          y: 2817,
        },
        {
          x: 2199,
          y: 3299,
        },
      ],
      navigateTo: null,
      tags: null,
    },
    {
      id: '18swrw2',
      parent: null,
      source: 'tock.genaiOrchestrator.pod',
      target: 'opensearch',
      label: 'urls.vectorstore (si \ndeployOpenSearch.enabled)',
      relations: [
        '8hi6w9',
      ],
      color: 'gray',
      line: 'dashed',
      head: 'normal',
      description: {
        txt: 'HTTP',
      },
      points: [
        [
          1234,
          2467,
        ],
        [
          1382,
          2487,
        ],
        [
          1606,
          2515,
        ],
        [
          1802,
          2533,
        ],
        [
          2513,
          2595,
        ],
        [
          2708,
          2482,
        ],
        [
          3404,
          2640,
        ],
        [
          3480,
          2658,
        ],
        [
          3562,
          2685,
        ],
        [
          3632,
          2712,
        ],
      ],
      labelBBox: {
        x: 766,
        y: 3450,
        width: 182,
        height: 34,
      },
      isLabelCustomized: false,
      controlPoints: [
        {
          x: 1009,
          y: 2661,
        },
        {
          x: 882,
          y: 3074,
        },
        {
          x: 735,
          y: 3589,
        },
      ],
      navigateTo: null,
      tags: null,
    },
    {
      id: 'mj2632',
      parent: null,
      source: 'tock.genaiOrchestrator.pod',
      target: 'postgresql',
      label: 'urls.vectorstore (si \ndeployPgVector.enabled)',
      relations: [
        '17kgvfa',
      ],
      color: 'gray',
      line: 'dashed',
      head: 'normal',
      description: {
        txt: 'SQL',
      },
      points: [
        [
          1234,
          2463,
        ],
        [
          1565,
          2504,
        ],
        [
          2289,
          2592,
        ],
        [
          2290,
          2593,
        ],
        [
          2342,
          2616,
        ],
        [
          2390,
          2656,
        ],
        [
          2427,
          2694,
        ],
      ],
      labelBBox: {
        x: 332,
        y: 3496,
        width: 161,
        height: 34,
      },
      isLabelCustomized: false,
      controlPoints: [
        {
          x: 660,
          y: 3030,
        },
        {
          x: 310,
          y: 3554,
        },
      ],
      navigateTo: null,
      tags: null,
    },
    {
      id: '1esztvb',
      parent: 'tock.adminWeb',
      source: 'tock.adminWeb.svc',
      target: 'tock.adminWeb.pod',
      label: null,
      relations: [
        '1c1s6u1',
      ],
      color: 'gray',
      line: 'dashed',
      head: 'normal',
      points: [
        [
          942,
          896,
        ],
        [
          940,
          940,
        ],
        [
          937,
          993,
        ],
        [
          934,
          1038,
        ],
      ],
      labelBBox: null,
      isLabelCustomized: false,
      controlPoints: null,
      navigateTo: null,
      tags: null,
    },
    {
      id: 'fkmu63',
      parent: 'tock.adminWeb',
      source: 'tock.adminWeb.ingress',
      target: 'tock.adminWeb.svc',
      label: 'HTTPS',
      relations: [
        '1t4hf4n',
      ],
      color: 'gray',
      line: 'dashed',
      head: 'normal',
      description: {
        txt: 'Kubernetes Ingress',
      },
      points: [
        [
          947,
          573,
        ],
        [
          947,
          614,
        ],
        [
          947,
          663,
        ],
        [
          947,
          706,
        ],
      ],
      labelBBox: {
        x: 948,
        y: 634,
        width: 50,
        height: 18,
      },
      isLabelCustomized: false,
      controlPoints: null,
      navigateTo: null,
      tags: null,
    },
    {
      id: '1ap1tl3',
      parent: 'tock.adminWeb',
      source: 'tock.adminWeb.pod',
      target: 'tock.adminWeb.configmap',
      label: 'Variables d\'environnement',
      relations: [
        'yljlm0',
      ],
      color: 'gray',
      line: 'dashed',
      head: 'normal',
      description: {
        txt: 'Kubernetes ConfigMap',
      },
      points: [
        [
          909,
          1228,
        ],
        [
          905,
          1259,
        ],
        [
          902,
          1295,
        ],
        [
          907,
          1328,
        ],
        [
          909,
          1347,
        ],
        [
          914,
          1368,
        ],
        [
          919,
          1387,
        ],
      ],
      labelBBox: {
        x: 908,
        y: 1297,
        width: 169,
        height: 18,
      },
      isLabelCustomized: false,
      controlPoints: null,
      navigateTo: null,
      tags: null,
    },
    {
      id: '18wrwuh',
      parent: 'tock',
      source: 'tock.adminWeb.pod',
      target: 'tock.botApi.svc',
      label: 'tock_bot_admin_rest_default_base_url / \ntock_configuration_bot_default_base_url',
      relations: [
        'wy0xv5',
      ],
      color: 'gray',
      line: 'dashed',
      head: 'normal',
      description: {
        txt: 'HTTP',
      },
      points: [
        [
          1089,
          1225,
        ],
        [
          1183,
          1276,
        ],
        [
          1302,
          1340,
        ],
        [
          1398,
          1392,
        ],
      ],
      labelBBox: {
        x: 1263,
        y: 960,
        width: 256,
        height: 35,
      },
      isLabelCustomized: false,
      controlPoints: [
        {
          x: 1248,
          y: 987,
        },
      ],
      navigateTo: null,
      tags: null,
    },
    {
      id: '1fpcmcd',
      parent: 'tock',
      source: 'tock.adminWeb.pod',
      target: 'tock.duckling.svc',
      label: 'nlp_duckling_url',
      relations: [
        '1nlb1b8',
      ],
      color: 'gray',
      line: 'dashed',
      head: 'normal',
      description: {
        txt: 'HTTP',
      },
      points: [
        [
          769,
          1207,
        ],
        [
          720,
          1238,
        ],
        [
          674,
          1280,
        ],
        [
          655,
          1336,
        ],
        [
          528,
          1706,
        ],
        [
          572,
          2424,
        ],
        [
          810,
          2632,
        ],
        [
          821,
          2642,
        ],
        [
          1318,
          2636,
        ],
        [
          1332,
          2640,
        ],
        [
          1372,
          2652,
        ],
        [
          1412,
          2673,
        ],
        [
          1447,
          2696,
        ],
      ],
      labelBBox: {
        x: 591,
        y: 1961,
        width: 105,
        height: 18,
      },
      isLabelCustomized: false,
      controlPoints: null,
      navigateTo: null,
      tags: null,
    },
    {
      id: 'j7zbf4',
      parent: 'tock',
      source: 'tock.adminWeb.pod',
      target: 'tock.kotlinCompiler.svc',
      label: 'tock_bot_compiler_service_url',
      relations: [
        '17w7quj',
      ],
      color: 'gray',
      line: 'dashed',
      head: 'normal',
      description: {
        txt: 'HTTP',
      },
      points: [
        [
          769,
          1160,
        ],
        [
          612,
          1184,
        ],
        [
          388,
          1228,
        ],
        [
          324,
          1288,
        ],
        [
          297,
          1314,
        ],
        [
          281,
          1351,
        ],
        [
          273,
          1387,
        ],
      ],
      labelBBox: {
        x: 325,
        y: 1297,
        width: 193,
        height: 18,
      },
      isLabelCustomized: false,
      controlPoints: null,
      navigateTo: null,
      tags: null,
    },
    {
      id: 'avzvpe',
      parent: 'tock',
      source: 'tock.adminWeb.pod',
      target: 'tock.genaiOrchestrator.svc',
      label: 'tock_gen_ai_orchestrator_server_url',
      relations: [
        'u0ep88',
      ],
      color: 'gray',
      line: 'dashed',
      head: 'normal',
      description: {
        txt: 'HTTP',
      },
      points: [
        [
          798,
          1228,
        ],
        [
          765,
          1258,
        ],
        [
          733,
          1294,
        ],
        [
          715,
          1336,
        ],
        [
          665,
          1450,
        ],
        [
          678,
          1497,
        ],
        [
          715,
          1617,
        ],
        [
          766,
          1784,
        ],
        [
          891,
          1946,
        ],
        [
          979,
          2044,
        ],
      ],
      labelBBox: {
        x: 729,
        y: 1638,
        width: 232,
        height: 18,
      },
      isLabelCustomized: false,
      controlPoints: null,
      navigateTo: null,
      tags: null,
    },
    {
      id: 'xmck53',
      parent: 'tock.botApi',
      source: 'tock.botApi.svc',
      target: 'tock.botApi.pod',
      label: null,
      relations: [
        'o7f5lk',
      ],
      color: 'gray',
      line: 'dashed',
      head: 'normal',
      points: [
        [
          1557,
          933,
        ],
        [
          1557,
          974,
        ],
        [
          1557,
          1023,
        ],
        [
          1557,
          1065,
        ],
      ],
      labelBBox: null,
      isLabelCustomized: false,
      controlPoints: [
        {
          x: 1557,
          y: 998,
        },
      ],
      navigateTo: null,
      tags: null,
    },
    {
      id: 'jp3jsr',
      parent: 'tock.botApi',
      source: 'tock.botApi.ingress',
      target: 'tock.botApi.svc',
      label: 'HTTPS',
      relations: [
        'iwg7x2',
      ],
      color: 'gray',
      line: 'dashed',
      head: 'normal',
      description: {
        txt: 'Kubernetes Ingress',
      },
      points: [
        [
          1569,
          584,
        ],
        [
          1567,
          632,
        ],
        [
          1564,
          692,
        ],
        [
          1562,
          742,
        ],
      ],
      labelBBox: {
        x: 1567,
        y: 653,
        width: 50,
        height: 18,
      },
      isLabelCustomized: false,
      controlPoints: [
        {
          x: 1565,
          y: 654,
        },
      ],
      navigateTo: null,
      tags: null,
    },
    {
      id: 'tyfft3',
      parent: 'tock.botApi',
      source: 'tock.botApi.pod',
      target: 'tock.botApi.configmap',
      label: 'Variables d\'environnement',
      relations: [
        'mze755',
      ],
      color: 'gray',
      line: 'dashed',
      head: 'normal',
      description: {
        txt: 'Kubernetes ConfigMap',
      },
      points: [
        [
          1557,
          1255,
        ],
        [
          1557,
          1299,
        ],
        [
          1557,
          1352,
        ],
        [
          1557,
          1397,
        ],
      ],
      labelBBox: {
        x: 1558,
        y: 1317,
        width: 169,
        height: 18,
      },
      isLabelCustomized: false,
      controlPoints: [
        {
          x: 1557,
          y: 1325,
        },
      ],
      navigateTo: null,
      tags: null,
    },
    {
      id: '15pmon0',
      parent: 'tock',
      source: 'tock.botApi.pod',
      target: 'tock.nlpApi.svc',
      label: 'tock_nlp_service_url',
      relations: [
        '1xvkh6o',
      ],
      color: 'gray',
      line: 'dashed',
      head: 'normal',
      description: {
        txt: 'HTTP',
      },
      points: [
        [
          1700,
          1899,
        ],
        [
          1765,
          1945,
        ],
        [
          1844,
          2000,
        ],
        [
          1910,
          2046,
        ],
      ],
      labelBBox: {
        x: 1802,
        y: 1630,
        width: 132,
        height: 18,
      },
      isLabelCustomized: false,
      controlPoints: [
        {
          x: 1890,
          y: 1829,
        },
      ],
      navigateTo: null,
      tags: null,
    },
    {
      id: '1b7y3gc',
      parent: 'tock',
      source: 'tock.botApi.pod',
      target: 'tock.genaiOrchestrator.svc',
      label: 'tock_gen_ai_orchestrator_server_url',
      relations: [
        '1jgkqeb',
      ],
      color: 'gray',
      line: 'dashed',
      head: 'normal',
      description: {
        txt: 'HTTP',
      },
      points: [
        [
          1409,
          1899,
        ],
        [
          1376,
          1919,
        ],
        [
          1342,
          1939,
        ],
        [
          1311,
          1960,
        ],
        [
          1271,
          1986,
        ],
        [
          1228,
          2017,
        ],
        [
          1191,
          2046,
        ],
      ],
      labelBBox: {
        x: 1304,
        y: 1638,
        width: 232,
        height: 18,
      },
      isLabelCustomized: false,
      controlPoints: [
        {
          x: 1381,
          y: 1485,
        },
        {
          x: 1243,
          y: 1758,
        },
      ],
      navigateTo: null,
      tags: null,
    },
    {
      id: '943987',
      parent: 'tock.nlpApi',
      source: 'tock.nlpApi.svc',
      target: 'tock.nlpApi.pod',
      label: null,
      relations: [
        '4e0l0c',
      ],
      color: 'gray',
      line: 'dashed',
      head: 'normal',
      points: [
        [
          2046,
          2232,
        ],
        [
          2046,
          2266,
        ],
        [
          2046,
          2307,
        ],
        [
          2046,
          2342,
        ],
      ],
      labelBBox: null,
      isLabelCustomized: false,
      controlPoints: null,
      navigateTo: null,
      tags: null,
    },
    {
      id: '5dnddz',
      parent: 'tock.nlpApi',
      source: 'tock.nlpApi.pod',
      target: 'tock.nlpApi.configmap',
      label: 'Variables d\'environnement',
      relations: [
        '1xnm2sr',
      ],
      color: 'gray',
      line: 'dashed',
      head: 'normal',
      description: {
        txt: 'Kubernetes ConfigMap',
      },
      points: [
        [
          2046,
          2532,
        ],
        [
          2046,
          2581,
        ],
        [
          2046,
          2641,
        ],
        [
          2046,
          2691,
        ],
      ],
      labelBBox: {
        x: 2047,
        y: 2602,
        width: 169,
        height: 18,
      },
      isLabelCustomized: false,
      controlPoints: null,
      navigateTo: null,
      tags: null,
    },
    {
      id: 'zy5y08',
      parent: 'tock',
      source: 'tock.nlpApi.pod',
      target: 'tock.duckling.svc',
      label: 'nlp_duckling_url',
      relations: [
        'aaz2xl',
      ],
      color: 'gray',
      line: 'dashed',
      head: 'normal',
      description: {
        txt: 'HTTP',
      },
      points: [
        [
          1923,
          2532,
        ],
        [
          1854,
          2582,
        ],
        [
          1769,
          2645,
        ],
        [
          1698,
          2695,
        ],
      ],
      labelBBox: {
        x: 1836,
        y: 2602,
        width: 105,
        height: 18,
      },
      isLabelCustomized: false,
      controlPoints: null,
      navigateTo: null,
      tags: null,
    },
    {
      id: '1qvjj93',
      parent: 'tock.duckling',
      source: 'tock.duckling.svc',
      target: 'tock.duckling.pod',
      label: null,
      relations: [
        '1j5hrx9',
      ],
      color: 'gray',
      line: 'dashed',
      head: 'normal',
      points: [
        [
          1567,
          2881,
        ],
        [
          1567,
          2923,
        ],
        [
          1567,
          2972,
        ],
        [
          1567,
          3014,
        ],
      ],
      labelBBox: null,
      isLabelCustomized: false,
      controlPoints: null,
      navigateTo: null,
      tags: null,
    },
    {
      id: '15zvz0n',
      parent: 'tock.duckling',
      source: 'tock.duckling.pod',
      target: 'tock.duckling.configmap',
      label: 'Variables d\'environnement',
      relations: [
        '17d6356',
      ],
      color: 'gray',
      line: 'dashed',
      head: 'normal',
      description: {
        txt: 'Kubernetes ConfigMap',
      },
      points: [
        [
          1567,
          3204,
        ],
        [
          1567,
          3245,
        ],
        [
          1567,
          3294,
        ],
        [
          1567,
          3337,
        ],
      ],
      labelBBox: {
        x: 1568,
        y: 3265,
        width: 169,
        height: 18,
      },
      isLabelCustomized: false,
      controlPoints: null,
      navigateTo: null,
      tags: null,
    },
    {
      id: '8eoqlz',
      parent: 'tock.kotlinCompiler',
      source: 'tock.kotlinCompiler.svc',
      target: 'tock.kotlinCompiler.pod',
      label: null,
      relations: [
        '1hamk62',
      ],
      color: 'gray',
      line: 'dashed',
      head: 'normal',
      points: [
        [
          262,
          1577,
        ],
        [
          262,
          1618,
        ],
        [
          262,
          1667,
        ],
        [
          262,
          1709,
        ],
      ],
      labelBBox: null,
      isLabelCustomized: false,
      controlPoints: null,
      navigateTo: null,
      tags: null,
    },
    {
      id: 'oz3v2f',
      parent: 'tock.kotlinCompiler',
      source: 'tock.kotlinCompiler.pod',
      target: 'tock.kotlinCompiler.configmap',
      label: 'Variables d\'environnement',
      relations: [
        '1trkmul',
      ],
      color: 'gray',
      line: 'dashed',
      head: 'normal',
      description: {
        txt: 'Kubernetes ConfigMap',
      },
      points: [
        [
          263,
          1899,
        ],
        [
          264,
          1943,
        ],
        [
          264,
          1996,
        ],
        [
          265,
          2041,
        ],
      ],
      labelBBox: {
        x: 265,
        y: 1961,
        width: 169,
        height: 18,
      },
      isLabelCustomized: false,
      controlPoints: null,
      navigateTo: null,
      tags: null,
    },
    {
      id: 'jieio7',
      parent: 'tock.buildWorker',
      source: 'tock.buildWorker.pod',
      target: 'tock.buildWorker.configmap',
      label: 'Variables d\'environnement',
      relations: [
        '1k2ls16',
      ],
      color: 'gray',
      line: 'dashed',
      head: 'normal',
      description: {
        txt: 'Kubernetes ConfigMap',
      },
      points: [
        [
          2219,
          490,
        ],
        [
          2301,
          490,
        ],
        [
          2403,
          490,
        ],
        [
          2490,
          490,
        ],
      ],
      labelBBox: {
        x: 2059,
        y: 565,
        width: 169,
        height: 18,
      },
      isLabelCustomized: false,
      controlPoints: [
        {
          x: 2059,
          y: 626,
        },
      ],
      navigateTo: null,
      tags: null,
    },
    {
      id: '1gsxqzb',
      parent: 'tock.genaiOrchestrator',
      source: 'tock.genaiOrchestrator.svc',
      target: 'tock.genaiOrchestrator.pod',
      label: null,
      relations: [
        '1wv89tk',
      ],
      color: 'gray',
      line: 'dashed',
      head: 'normal',
      points: [
        [
          1071,
          2232,
        ],
        [
          1071,
          2266,
        ],
        [
          1071,
          2307,
        ],
        [
          1071,
          2342,
        ],
      ],
      labelBBox: null,
      isLabelCustomized: false,
      controlPoints: null,
      navigateTo: null,
      tags: null,
    },
    {
      id: '19kbm4n',
      parent: 'tock.genaiOrchestrator',
      source: 'tock.genaiOrchestrator.pod',
      target: 'tock.genaiOrchestrator.configmap',
      label: 'Variables d\'environnement',
      relations: [
        '1u23ib3',
      ],
      color: 'gray',
      line: 'dashed',
      head: 'normal',
      description: {
        txt: 'Kubernetes ConfigMap',
      },
      points: [
        [
          1071,
          2532,
        ],
        [
          1071,
          2581,
        ],
        [
          1071,
          2641,
        ],
        [
          1071,
          2691,
        ],
      ],
      labelBBox: {
        x: 1072,
        y: 2602,
        width: 169,
        height: 18,
      },
      isLabelCustomized: false,
      controlPoints: null,
      navigateTo: null,
      tags: null,
    },
    {
      id: '1301abu',
      parent: null,
      source: 'tock.adminWeb',
      target: 'mongodb',
      label: 'tock_mongo_url',
      relations: [
        '38naaz',
      ],
      color: 'gray',
      line: 'dashed',
      head: 'normal',
      description: {
        txt: 'MongoDB Wire Protocol',
      },
      points: [
        [
          1172,
          1575,
        ],
        [
          1223,
          1591,
        ],
        [
          1277,
          1607,
        ],
        [
          1328,
          1617,
        ],
        [
          1507,
          1652,
        ],
        [
          4606,
          1626,
        ],
        [
          4606,
          1809,
        ],
        [
          4606,
          1809,
        ],
        [
          4606,
          1809,
        ],
        [
          4606,
          3115,
        ],
        [
          4606,
          3201,
        ],
        [
          4551,
          3281,
        ],
        [
          4496,
          3340,
        ],
      ],
      labelBBox: {
        x: 1945,
        y: 1661,
        width: 104,
        height: 18,
      },
      isLabelCustomized: false,
      controlPoints: [
        {
          x: 985,
          y: 1608,
        },
        {
          x: 1522,
          y: 1660,
        },
        {
          x: 3065,
          y: 2031,
        },
        {
          x: 2739,
          y: 3308,
        },
      ],
      navigateTo: null,
      tags: null,
    },
  ],
  _layout: 'manual',
}
