{
  _type: 'element',
  tags: null,
  links: null,
  viewOf: 'tock',
  _stage: 'layouted',
  sourcePath: 'tock.c4',
  description: null,
  title: 'Tock - composants internes (Component view)',
  id: 'tockComponentsPG',
  autoLayout: {
    direction: 'TB',
  },
  hash: '98VCSa9Ko7FxXMIZBm-W6Zd4gafDB9Ngv017mKF6ED0',
  bounds: {
    x: 346,
    y: -82,
    width: 4120,
    height: 3994,
  },
  nodes: [
    {
      id: 'tock',
      parent: null,
      level: 0,
      children: [
        'tock.buildWorker',
        'tock.adminWeb',
        'tock.botApi',
        'tock.kotlinCompiler',
        'tock.nlpApi',
        'tock.genaiOrchestrator',
        'tock.duckling',
      ],
      inEdges: [
        '94iuqm',
        'eza86p',
      ],
      outEdges: [
        '1301abu',
        '1p2vr41',
        'cliz0q',
        '14bir9x',
        'i1kmlc',
        'yqghgq',
        'mj2632',
      ],
      title: 'Tock (Kubernetes namespace)',
      modelRef: 'tock',
      shape: 'rectangle',
      color: 'primary',
      style: {
        opacity: 15,
        size: 'md',
      },
      description: {
        txt: 'Composants déployés par le chart charts/tock',
      },
      tags: [],
      kind: 'system',
      depth: 2,
      navigateTo: 'tockOverview',
      x: 366,
      y: 272,
      width: 3626,
      height: 3337,
      labelBBox: {
        x: 6,
        y: 0,
        width: 195,
        height: 15,
      },
      links: null,
    },
    {
      id: 'tock.buildWorker',
      parent: 'tock',
      level: 1,
      children: [
        'tock.buildWorker.pod',
        'tock.buildWorker.configmap',
      ],
      inEdges: [],
      outEdges: [
        'i1kmlc',
      ],
      title: 'build-worker',
      modelRef: 'tock.buildWorker',
      shape: 'rectangle',
      color: 'primary',
      style: {
        opacity: 15,
        size: 'md',
      },
      description: {
        txt: 'Worker asynchrone sans Service k8s exposé (pas de fichier .service.yaml)',
      },
      tags: [],
      technology: 'Java',
      kind: 'application',
      depth: 1,
      x: 3496,
      y: 333,
      width: 454,
      height: 588,
      labelBBox: {
        x: 6,
        y: 0,
        width: 91,
        height: 15,
      },
      navigateTo: null,
      links: null,
    },
    {
      id: 'admin',
      parent: null,
      level: 0,
      children: [],
      inEdges: [],
      outEdges: [
        '94iuqm',
      ],
      title: 'Administrateur / Concepteur de bot',
      modelRef: 'admin',
      shape: 'person',
      color: 'primary',
      style: {
        opacity: 15,
        size: 'md',
      },
      description: {
        txt: 'Configure NLU, RAG et scénarios via Tock Studio',
      },
      tags: [],
      kind: 'actor',
      x: 3072,
      y: 0,
      width: 350,
      height: 180,
      labelBBox: {
        x: 18,
        y: 56,
        width: 314,
        height: 65,
      },
      navigateTo: null,
      links: null,
    },
    {
      id: 'endUser',
      parent: null,
      level: 0,
      children: [],
      inEdges: [],
      outEdges: [
        'eza86p',
      ],
      title: 'Utilisateur final',
      modelRef: 'endUser',
      shape: 'person',
      color: 'primary',
      style: {
        opacity: 15,
        size: 'md',
      },
      description: {
        txt: 'Discute avec le bot via un canal connecté à bot-api',
      },
      tags: [],
      kind: 'actor',
      x: 454,
      y: -62,
      width: 328,
      height: 180,
      labelBBox: {
        x: 18,
        y: 56,
        width: 292,
        height: 65,
      },
      navigateTo: null,
      links: null,
    },
    {
      id: 'tock.buildWorker.pod',
      parent: 'tock.buildWorker',
      level: 2,
      children: [],
      inEdges: [],
      outEdges: [
        'jieio7',
        'i1kmlc',
      ],
      title: 'build-worker pod',
      modelRef: 'tock.buildWorker.pod',
      shape: 'rectangle',
      color: 'primary',
      icon: 'bootstrap:boxes',
      style: {
        opacity: 15,
        size: 'md',
      },
      description: {
        txt: 'Conteneur principal du pod build-worker',
      },
      tags: [],
      technology: 'Java',
      kind: 'container',
      x: 3552,
      y: 393,
      width: 320,
      height: 180,
      labelBBox: {
        x: 54,
        y: 46,
        width: 242,
        height: 85,
      },
      navigateTo: null,
      links: null,
    },
    {
      id: 'tock.adminWeb',
      parent: 'tock',
      level: 1,
      children: [
        'tock.adminWeb.ingress',
        'tock.adminWeb.svc',
        'tock.adminWeb.pod',
        'tock.adminWeb.configmap',
      ],
      inEdges: [
        '94iuqm',
      ],
      outEdges: [
        '18wrwuh',
        '1fpcmcd',
        'j7zbf4',
        'avzvpe',
        '1301abu',
      ],
      title: 'admin-web (bot_admin)',
      modelRef: 'tock.adminWeb',
      shape: 'rectangle',
      color: 'primary',
      style: {
        opacity: 15,
        size: 'md',
      },
      description: {
        txt: 'Tock Studio : UI admin, NLU, RAG, gestion des bots',
      },
      tags: [],
      technology: 'Vert.x / Java',
      kind: 'application',
      depth: 1,
      x: 3022,
      y: 332,
      width: 450,
      height: 1285,
      labelBBox: {
        x: 6,
        y: 0,
        width: 145,
        height: 15,
      },
      navigateTo: null,
      links: null,
    },
    {
      id: 'tock.buildWorker.configmap',
      parent: 'tock.buildWorker',
      level: 2,
      children: [],
      inEdges: [
        'jieio7',
      ],
      outEdges: [],
      title: 'build-worker ConfigMap',
      modelRef: 'tock.buildWorker.configmap',
      shape: 'rectangle',
      color: 'primary',
      icon: 'bootstrap:card-text',
      style: {
        opacity: 15,
        size: 'md',
      },
      description: {
        txt: 'Contient les variables d\'environnement du pod build-worker',
      },
      tags: [],
      technology: 'Kubernetes ConfigMap',
      kind: 'component',
      x: 3538,
      y: 699,
      width: 370,
      height: 180,
      labelBBox: {
        x: 46,
        y: 46,
        width: 309,
        height: 85,
      },
      navigateTo: null,
      links: null,
    },
    {
      id: 'tock.adminWeb.ingress',
      parent: 'tock.adminWeb',
      level: 2,
      children: [],
      inEdges: [
        '94iuqm',
      ],
      outEdges: [
        'fkmu63',
      ],
      title: 'admin-web Ingress',
      modelRef: 'tock.adminWeb.ingress',
      shape: 'rectangle',
      color: 'primary',
      icon: 'https://icons.terrastruct.com/gcp%2FProducts%20and%20services%2FNetworking%2FCloud%20Load%20Balancing.svg',
      style: {
        opacity: 15,
        size: 'md',
      },
      description: {
        txt: 'Expose le Service admin-web aux utilisateurs finaux via HTTPS',
      },
      tags: [],
      technology: 'Kubernetes Ingress',
      kind: 'component',
      x: 3072,
      y: 393,
      width: 350,
      height: 180,
      labelBBox: {
        x: 46,
        y: 46,
        width: 288,
        height: 85,
      },
      navigateTo: null,
      links: null,
    },
    {
      id: 'tock.adminWeb.svc',
      parent: 'tock.adminWeb',
      level: 2,
      children: [],
      inEdges: [
        'fkmu63',
      ],
      outEdges: [
        '1esztvb',
      ],
      title: 'admin-web Service',
      modelRef: 'tock.adminWeb.svc',
      shape: 'rectangle',
      color: 'primary',
      icon: 'https://icons.terrastruct.com/azure%2FContainer%20Service%20Color%2FKubernetes%20Services.svg',
      style: {
        opacity: 15,
        size: 'md',
      },
      description: {
        txt: 'Expose le pod admin-web aux autres composants et à l\'Ingress',
      },
      tags: [],
      technology: 'Kubernetes Service ClusterIP :8080',
      kind: 'component',
      x: 3062,
      y: 716,
      width: 370,
      height: 180,
      labelBBox: {
        x: 46,
        y: 46,
        width: 309,
        height: 85,
      },
      navigateTo: null,
      links: null,
    },
    {
      id: 'tock.adminWeb.pod',
      parent: 'tock.adminWeb',
      level: 2,
      children: [],
      inEdges: [
        '1esztvb',
      ],
      outEdges: [
        '1ap1tl3',
        '18wrwuh',
        '1fpcmcd',
        'j7zbf4',
        'avzvpe',
      ],
      title: 'admin-web pod',
      modelRef: 'tock.adminWeb.pod',
      shape: 'rectangle',
      color: 'primary',
      icon: 'bootstrap:boxes',
      style: {
        opacity: 15,
        size: 'md',
      },
      description: {
        txt: 'Conteneur principal du pod admin-web',
      },
      tags: [],
      technology: 'Vert.x / Java',
      kind: 'container',
      x: 3087,
      y: 1048,
      width: 320,
      height: 180,
      labelBBox: {
        x: 54,
        y: 46,
        width: 242,
        height: 85,
      },
      navigateTo: null,
      links: null,
    },
    {
      id: 'tock.adminWeb.configmap',
      parent: 'tock.adminWeb',
      level: 2,
      children: [],
      inEdges: [
        '1ap1tl3',
      ],
      outEdges: [],
      title: 'admin-web ConfigMap',
      modelRef: 'tock.adminWeb.configmap',
      shape: 'rectangle',
      color: 'primary',
      icon: 'bootstrap:card-text',
      style: {
        opacity: 15,
        size: 'md',
      },
      description: {
        txt: 'Contient les variables d\'environnement du pod admin-web',
      },
      tags: [],
      technology: 'Kubernetes ConfigMap',
      kind: 'component',
      x: 3070,
      y: 1397,
      width: 362,
      height: 180,
      labelBBox: {
        x: 46,
        y: 46,
        width: 300,
        height: 85,
      },
      navigateTo: null,
      links: null,
    },
    {
      id: 'tock.botApi',
      parent: 'tock',
      level: 1,
      children: [
        'tock.botApi.ingress',
        'tock.botApi.svc',
        'tock.botApi.pod',
        'tock.botApi.configmap',
      ],
      inEdges: [
        '18wrwuh',
        'eza86p',
      ],
      outEdges: [
        '15pmon0',
        '1b7y3gc',
        '1p2vr41',
      ],
      title: 'bot-api',
      modelRef: 'tock.botApi',
      shape: 'rectangle',
      color: 'primary',
      style: {
        opacity: 15,
        size: 'md',
      },
      description: {
        txt: 'API REST d\'exécution de la logique conversationnelle',
      },
      tags: [],
      technology: 'Vert.x / Java',
      kind: 'application',
      depth: 1,
      x: 408,
      y: 987,
      width: 434,
      height: 1285,
      labelBBox: {
        x: 6,
        y: 0,
        width: 49,
        height: 15,
      },
      navigateTo: null,
      links: null,
    },
    {
      id: 'tock.kotlinCompiler',
      parent: 'tock',
      level: 1,
      children: [
        'tock.kotlinCompiler.svc',
        'tock.kotlinCompiler.pod',
        'tock.kotlinCompiler.configmap',
      ],
      inEdges: [
        'j7zbf4',
      ],
      outEdges: [],
      title: 'kotlin-compiler',
      modelRef: 'tock.kotlinCompiler',
      shape: 'rectangle',
      color: 'primary',
      style: {
        opacity: 15,
        size: 'md',
      },
      description: {
        txt: 'Compile les scripts de scénarios de bot (DSL Kotlin)',
      },
      tags: [],
      technology: 'Kotlin/JVM',
      kind: 'application',
      depth: 1,
      x: 2348,
      y: 1336,
      width: 436,
      height: 936,
      labelBBox: {
        x: 6,
        y: 0,
        width: 107,
        height: 15,
      },
      navigateTo: null,
      links: null,
    },
    {
      id: 'tock.botApi.ingress',
      parent: 'tock.botApi',
      level: 2,
      children: [],
      inEdges: [
        'eza86p',
      ],
      outEdges: [
        'jp3jsr',
      ],
      title: 'bot-api Ingress',
      modelRef: 'tock.botApi.ingress',
      shape: 'rectangle',
      color: 'primary',
      icon: 'https://icons.terrastruct.com/gcp%2FProducts%20and%20services%2FNetworking%2FCloud%20Load%20Balancing.svg',
      style: {
        opacity: 15,
        size: 'md',
      },
      description: {
        txt: 'Expose le Service bot-api aux utilisateurs finaux via HTTPS',
      },
      tags: [],
      technology: 'Kubernetes Ingress',
      kind: 'component',
      x: 464,
      y: 1048,
      width: 322,
      height: 180,
      labelBBox: {
        x: 46,
        y: 46,
        width: 261,
        height: 85,
      },
      navigateTo: null,
      links: null,
    },
    {
      id: 'tock.kotlinCompiler.svc',
      parent: 'tock.kotlinCompiler',
      level: 2,
      children: [],
      inEdges: [
        'j7zbf4',
      ],
      outEdges: [
        '8eoqlz',
      ],
      title: 'kotlin-compiler Service',
      modelRef: 'tock.kotlinCompiler.svc',
      shape: 'rectangle',
      color: 'primary',
      icon: 'https://icons.terrastruct.com/azure%2FContainer%20Service%20Color%2FKubernetes%20Services.svg',
      style: {
        opacity: 15,
        size: 'md',
      },
      description: {
        txt: 'Expose le pod kotlin-compiler aux autres composants',
      },
      tags: [],
      technology: 'Kubernetes Service ClusterIP :8080',
      kind: 'component',
      x: 2388,
      y: 1397,
      width: 348,
      height: 180,
      labelBBox: {
        x: 46,
        y: 46,
        width: 287,
        height: 85,
      },
      navigateTo: null,
      links: null,
    },
    {
      id: 'tock.botApi.svc',
      parent: 'tock.botApi',
      level: 2,
      children: [],
      inEdges: [
        '18wrwuh',
        'jp3jsr',
      ],
      outEdges: [
        'xmck53',
      ],
      title: 'bot-api Service',
      modelRef: 'tock.botApi.svc',
      shape: 'rectangle',
      color: 'primary',
      icon: 'https://icons.terrastruct.com/azure%2FContainer%20Service%20Color%2FKubernetes%20Services.svg',
      style: {
        opacity: 15,
        size: 'md',
      },
      description: {
        txt: 'Expose le pod bot-api aux autres composants et à l\'Ingress',
      },
      tags: [],
      technology: 'Kubernetes Service ClusterIP :8080',
      kind: 'component',
      x: 453,
      y: 1397,
      width: 343,
      height: 180,
      labelBBox: {
        x: 47,
        y: 46,
        width: 281,
        height: 85,
      },
      navigateTo: null,
      links: null,
    },
    {
      id: 'tock.kotlinCompiler.pod',
      parent: 'tock.kotlinCompiler',
      level: 2,
      children: [],
      inEdges: [
        '8eoqlz',
      ],
      outEdges: [
        'oz3v2f',
      ],
      title: 'kotlin-compiler pod',
      modelRef: 'tock.kotlinCompiler.pod',
      shape: 'rectangle',
      color: 'primary',
      icon: 'bootstrap:boxes',
      style: {
        opacity: 15,
        size: 'md',
      },
      description: {
        txt: 'Conteneur principal du pod kotlin-compiler',
      },
      tags: [],
      technology: 'Kotlin/JVM',
      kind: 'container',
      x: 2402,
      y: 1720,
      width: 320,
      height: 180,
      labelBBox: {
        x: 54,
        y: 46,
        width: 242,
        height: 84,
      },
      navigateTo: null,
      links: null,
    },
    {
      id: 'tock.botApi.pod',
      parent: 'tock.botApi',
      level: 2,
      children: [],
      inEdges: [
        'xmck53',
      ],
      outEdges: [
        'tyfft3',
        '15pmon0',
        '1b7y3gc',
        '1p2vr41',
      ],
      title: 'bot-api pod',
      modelRef: 'tock.botApi.pod',
      shape: 'rectangle',
      color: 'primary',
      icon: 'bootstrap:boxes',
      style: {
        opacity: 15,
        size: 'md',
      },
      description: {
        txt: 'Conteneur principal du pod bot-api',
      },
      tags: [],
      technology: 'Vert.x / Java',
      kind: 'container',
      x: 448,
      y: 1720,
      width: 354,
      height: 180,
      labelBBox: {
        x: 46,
        y: 55,
        width: 292,
        height: 66,
      },
      navigateTo: null,
      links: null,
    },
    {
      id: 'tock.kotlinCompiler.configmap',
      parent: 'tock.kotlinCompiler',
      level: 2,
      children: [],
      inEdges: [
        'oz3v2f',
      ],
      outEdges: [],
      title: 'kotlin-compiler ConfigMap',
      modelRef: 'tock.kotlinCompiler.configmap',
      shape: 'rectangle',
      color: 'primary',
      icon: 'bootstrap:card-text',
      style: {
        opacity: 15,
        size: 'md',
      },
      description: {
        txt: 'Contient les variables d\'environnement du pod kotlin-compiler',
      },
      tags: [],
      technology: 'Kubernetes ConfigMap',
      kind: 'component',
      x: 2388,
      y: 2052,
      width: 355,
      height: 180,
      labelBBox: {
        x: 47,
        y: 37,
        width: 293,
        height: 102,
      },
      navigateTo: null,
      links: null,
    },
    {
      id: 'tock.botApi.configmap',
      parent: 'tock.botApi',
      level: 2,
      children: [],
      inEdges: [
        'tyfft3',
      ],
      outEdges: [],
      title: 'bot-api ConfigMap',
      modelRef: 'tock.botApi.configmap',
      shape: 'rectangle',
      color: 'primary',
      icon: 'bootstrap:card-text',
      style: {
        opacity: 15,
        size: 'md',
      },
      description: {
        txt: 'Contient les variables d\'environnement du pod bot-api',
      },
      tags: [],
      technology: 'Kubernetes ConfigMap',
      kind: 'component',
      x: 458,
      y: 2052,
      width: 334,
      height: 180,
      labelBBox: {
        x: 46,
        y: 46,
        width: 273,
        height: 84,
      },
      navigateTo: null,
      links: null,
    },
    {
      id: 'tock.nlpApi',
      parent: 'tock',
      level: 1,
      children: [
        'tock.nlpApi.svc',
        'tock.nlpApi.pod',
        'tock.nlpApi.configmap',
      ],
      inEdges: [
        '15pmon0',
      ],
      outEdges: [
        'zy5y08',
        'cliz0q',
      ],
      title: 'nlp-api',
      modelRef: 'tock.nlpApi',
      shape: 'rectangle',
      color: 'primary',
      style: {
        opacity: 15,
        size: 'md',
      },
      description: {
        txt: 'Moteur NLU : classification d\'intentions, extraction d\'entités',
      },
      tags: [],
      technology: 'Vert.x / Java',
      kind: 'application',
      depth: 1,
      x: 882,
      y: 1990,
      width: 434,
      height: 931,
      labelBBox: {
        x: 6,
        y: 0,
        width: 48,
        height: 15,
      },
      navigateTo: null,
      links: null,
    },
    {
      id: 'tock.genaiOrchestrator',
      parent: 'tock',
      level: 1,
      children: [
        'tock.genaiOrchestrator.svc',
        'tock.genaiOrchestrator.pod',
        'tock.genaiOrchestrator.configmap',
      ],
      inEdges: [
        'avzvpe',
        '1b7y3gc',
      ],
      outEdges: [
        'yqghgq',
        'mj2632',
      ],
      title: 'genai-orchestrator',
      modelRef: 'tock.genaiOrchestrator',
      shape: 'rectangle',
      color: 'primary',
      style: {
        opacity: 15,
        size: 'md',
      },
      description: {
        txt: 'Orchestration des appels LLM/RAG (prompts, embeddings, vector store)',
      },
      tags: [],
      technology: 'Python',
      kind: 'application',
      depth: 1,
      x: 1840,
      y: 1990,
      width: 468,
      height: 931,
      labelBBox: {
        x: 6,
        y: 0,
        width: 135,
        height: 15,
      },
      navigateTo: null,
      links: null,
    },
    {
      id: 'tock.nlpApi.svc',
      parent: 'tock.nlpApi',
      level: 2,
      children: [],
      inEdges: [
        '15pmon0',
      ],
      outEdges: [
        '943987',
      ],
      title: 'nlp-api Service',
      modelRef: 'tock.nlpApi.svc',
      shape: 'rectangle',
      color: 'primary',
      icon: 'https://icons.terrastruct.com/azure%2FContainer%20Service%20Color%2FKubernetes%20Services.svg',
      style: {
        opacity: 15,
        size: 'md',
      },
      description: {
        txt: 'Expose le pod nlp-api aux autres composants',
      },
      tags: [],
      technology: 'Kubernetes Service ClusterIP :8080',
      kind: 'component',
      x: 928,
      y: 2052,
      width: 342,
      height: 180,
      labelBBox: {
        x: 46,
        y: 46,
        width: 281,
        height: 84,
      },
      navigateTo: null,
      links: null,
    },
    {
      id: 'tock.genaiOrchestrator.svc',
      parent: 'tock.genaiOrchestrator',
      level: 2,
      children: [],
      inEdges: [
        'avzvpe',
        '1b7y3gc',
      ],
      outEdges: [
        '1gsxqzb',
      ],
      title: 'genai-orchestrator Service',
      modelRef: 'tock.genaiOrchestrator.svc',
      shape: 'rectangle',
      color: 'primary',
      icon: 'https://icons.terrastruct.com/azure%2FContainer%20Service%20Color%2FKubernetes%20Services.svg',
      style: {
        opacity: 15,
        size: 'md',
      },
      description: {
        txt: 'Expose le pod genai-orchestrator aux autres composants',
      },
      tags: [],
      technology: 'Kubernetes Service ClusterIP :8000',
      kind: 'component',
      x: 1895,
      y: 2052,
      width: 358,
      height: 180,
      labelBBox: {
        x: 46,
        y: 46,
        width: 297,
        height: 84,
      },
      navigateTo: null,
      links: null,
    },
    {
      id: 'tock.nlpApi.pod',
      parent: 'tock.nlpApi',
      level: 2,
      children: [],
      inEdges: [
        '943987',
      ],
      outEdges: [
        '5dnddz',
        'zy5y08',
        'cliz0q',
      ],
      title: 'nlp-api pod',
      modelRef: 'tock.nlpApi.pod',
      shape: 'rectangle',
      color: 'primary',
      icon: 'bootstrap:boxes',
      style: {
        opacity: 15,
        size: 'md',
      },
      description: {
        txt: 'Conteneur principal du pod nlp-api',
      },
      tags: [],
      technology: 'Vert.x / Java',
      kind: 'container',
      x: 922,
      y: 2353,
      width: 353,
      height: 180,
      labelBBox: {
        x: 47,
        y: 55,
        width: 291,
        height: 66,
      },
      navigateTo: null,
      links: null,
    },
    {
      id: 'tock.genaiOrchestrator.pod',
      parent: 'tock.genaiOrchestrator',
      level: 2,
      children: [],
      inEdges: [
        '1gsxqzb',
      ],
      outEdges: [
        '19kbm4n',
        'yqghgq',
        'mj2632',
      ],
      title: 'genai-orchestrator pod',
      modelRef: 'tock.genaiOrchestrator.pod',
      shape: 'rectangle',
      color: 'primary',
      icon: 'bootstrap:boxes',
      style: {
        opacity: 15,
        size: 'md',
      },
      description: {
        txt: 'Conteneur principal du pod genai-orchestrator',
      },
      tags: [],
      technology: 'Python',
      kind: 'container',
      x: 1911,
      y: 2353,
      width: 325,
      height: 180,
      labelBBox: {
        x: 47,
        y: 46,
        width: 263,
        height: 84,
      },
      navigateTo: null,
      links: null,
    },
    {
      id: 'tock.nlpApi.configmap',
      parent: 'tock.nlpApi',
      level: 2,
      children: [],
      inEdges: [
        '5dnddz',
      ],
      outEdges: [],
      title: 'nlp-api ConfigMap',
      modelRef: 'tock.nlpApi.configmap',
      shape: 'rectangle',
      color: 'primary',
      icon: 'bootstrap:card-text',
      style: {
        opacity: 15,
        size: 'md',
      },
      description: {
        txt: 'Contient les variables d\'environnement du pod nlp-api',
      },
      tags: [],
      technology: 'Kubernetes ConfigMap',
      kind: 'component',
      x: 932,
      y: 2701,
      width: 333,
      height: 180,
      labelBBox: {
        x: 47,
        y: 47,
        width: 271,
        height: 84,
      },
      navigateTo: null,
      links: null,
    },
    {
      id: 'tock.duckling',
      parent: 'tock',
      level: 1,
      children: [
        'tock.duckling.svc',
        'tock.duckling.pod',
        'tock.duckling.configmap',
      ],
      inEdges: [
        '1fpcmcd',
        'zy5y08',
      ],
      outEdges: [
        '14bir9x',
      ],
      title: 'duckling',
      modelRef: 'tock.duckling',
      shape: 'rectangle',
      color: 'primary',
      style: {
        opacity: 15,
        size: 'md',
      },
      description: {
        txt: 'Extraction d\'entités (dates, montants, durées...)',
      },
      tags: [],
      technology: 'Haskell (facebook/duckling)',
      kind: 'application',
      depth: 1,
      x: 1356,
      y: 2640,
      width: 444,
      height: 927,
      labelBBox: {
        x: 6,
        y: 0,
        width: 62,
        height: 15,
      },
      navigateTo: null,
      links: null,
    },
    {
      id: 'tock.genaiOrchestrator.configmap',
      parent: 'tock.genaiOrchestrator',
      level: 2,
      children: [],
      inEdges: [
        '19kbm4n',
      ],
      outEdges: [],
      title: 'genai-orchestrator ConfigMap',
      modelRef: 'tock.genaiOrchestrator.configmap',
      shape: 'rectangle',
      color: 'primary',
      icon: 'bootstrap:card-text',
      style: {
        opacity: 15,
        size: 'md',
      },
      description: {
        txt: 'Contient les variables d\'environnement du pod genai-orchestrator',
      },
      tags: [],
      technology: 'Kubernetes ConfigMap',
      kind: 'component',
      x: 1880,
      y: 2701,
      width: 388,
      height: 180,
      labelBBox: {
        x: 46,
        y: 38,
        width: 327,
        height: 102,
      },
      navigateTo: null,
      links: null,
    },
    {
      id: 'postgresql',
      parent: null,
      level: 0,
      children: [],
      inEdges: [
        'mj2632',
      ],
      outEdges: [],
      title: 'postgresql (pgvector)',
      modelRef: 'postgresql',
      shape: 'rectangle',
      color: 'primary',
      icon: 'tech:postgresql',
      style: {
        opacity: 15,
        size: 'md',
      },
      description: {
        txt: 'Vector store (option 2 pour le RAG). Conditionné par global.deployPgVector.enabled',
      },
      tags: [],
      technology: 'Bitnami subchart 13.4.4',
      kind: 'database',
      x: 2922,
      y: 3712,
      width: 331,
      height: 180,
      labelBBox: {
        x: 47,
        y: 38,
        width: 269,
        height: 102,
      },
      navigateTo: null,
      links: null,
    },
    {
      id: 'tock.duckling.svc',
      parent: 'tock.duckling',
      level: 2,
      children: [],
      inEdges: [
        '1fpcmcd',
        'zy5y08',
      ],
      outEdges: [
        '1qvjj93',
      ],
      title: 'duckling Service',
      modelRef: 'tock.duckling.svc',
      shape: 'rectangle',
      color: 'primary',
      icon: 'https://icons.terrastruct.com/azure%2FContainer%20Service%20Color%2FKubernetes%20Services.svg',
      style: {
        opacity: 15,
        size: 'md',
      },
      description: {
        txt: 'Expose le pod duckling aux autres composants',
      },
      tags: [],
      technology: 'Kubernetes Service ClusterIP :8080',
      kind: 'component',
      x: 1402,
      y: 2701,
      width: 352,
      height: 180,
      labelBBox: {
        x: 46,
        y: 47,
        width: 291,
        height: 84,
      },
      navigateTo: null,
      links: null,
    },
    {
      id: 'tock.duckling.pod',
      parent: 'tock.duckling',
      level: 2,
      children: [],
      inEdges: [
        '1qvjj93',
      ],
      outEdges: [
        '15zvz0n',
        '14bir9x',
      ],
      title: 'duckling pod',
      modelRef: 'tock.duckling.pod',
      shape: 'rectangle',
      color: 'primary',
      icon: 'bootstrap:boxes',
      style: {
        opacity: 15,
        size: 'md',
      },
      description: {
        txt: 'Conteneur principal du pod duckling',
      },
      tags: [],
      technology: 'Haskell (facebook/duckling)',
      kind: 'container',
      x: 1396,
      y: 3024,
      width: 363,
      height: 180,
      labelBBox: {
        x: 47,
        y: 55,
        width: 301,
        height: 67,
      },
      navigateTo: null,
      links: null,
    },
    {
      id: 'tock.duckling.configmap',
      parent: 'tock.duckling',
      level: 2,
      children: [],
      inEdges: [
        '15zvz0n',
      ],
      outEdges: [],
      title: 'duckling ConfigMap',
      modelRef: 'tock.duckling.configmap',
      shape: 'rectangle',
      color: 'primary',
      icon: 'bootstrap:card-text',
      style: {
        opacity: 15,
        size: 'md',
      },
      description: {
        txt: 'Contient les variables d\'environnement du pod duckling',
      },
      tags: [],
      technology: 'Kubernetes ConfigMap',
      kind: 'component',
      x: 1406,
      y: 3347,
      width: 343,
      height: 180,
      labelBBox: {
        x: 47,
        y: 46,
        width: 281,
        height: 85,
      },
      navigateTo: null,
      links: null,
    },
    {
      id: 'mongodb',
      parent: null,
      level: 0,
      children: [],
      inEdges: [
        '1301abu',
        '1p2vr41',
        'cliz0q',
        '14bir9x',
        'i1kmlc',
        'yqghgq',
      ],
      outEdges: [],
      title: 'mongodb',
      modelRef: 'mongodb',
      shape: 'rectangle',
      color: 'primary',
      icon: 'tech:mongodb',
      style: {
        opacity: 15,
        size: 'md',
      },
      description: {
        txt: 'Stockage principal (config, données conversationnelles, modèles NLU). Conditionné par global.deployMongoDb.enabled',
      },
      tags: [],
      technology: 'Bitnami subchart 14.8.3',
      kind: 'database',
      x: 3614,
      y: 3697,
      width: 361,
      height: 180,
      labelBBox: {
        x: 47,
        y: 28,
        width: 299,
        height: 121,
      },
      navigateTo: null,
      links: null,
    },
  ],
  edges: [
    {
      id: '1esztvb',
      parent: 'tock.adminWeb',
      source: 'tock.adminWeb.svc',
      target: 'tock.adminWeb.pod',
      label: null,
      relations: [
        '1c1s6u1',
      ],
      color: 'gray',
      line: 'dashed',
      head: 'normal',
      points: [
        [
          3247,
          896,
        ],
        [
          3247,
          940,
        ],
        [
          3247,
          993,
        ],
        [
          3247,
          1038,
        ],
      ],
      labelBBox: null,
      isLabelCustomized: false,
      controlPoints: null,
      navigateTo: null,
      tags: null,
    },
    {
      id: 'fkmu63',
      parent: 'tock.adminWeb',
      source: 'tock.adminWeb.ingress',
      target: 'tock.adminWeb.svc',
      label: 'HTTPS',
      relations: [
        '1t4hf4n',
      ],
      color: 'gray',
      line: 'dashed',
      head: 'normal',
      description: {
        txt: 'Kubernetes Ingress',
      },
      points: [
        [
          3247,
          573,
        ],
        [
          3247,
          614,
        ],
        [
          3247,
          663,
        ],
        [
          3247,
          706,
        ],
      ],
      labelBBox: {
        x: 3248,
        y: 634,
        width: 50,
        height: 18,
      },
      isLabelCustomized: false,
      controlPoints: null,
      navigateTo: null,
      tags: null,
    },
    {
      id: '1ap1tl3',
      parent: 'tock.adminWeb',
      source: 'tock.adminWeb.pod',
      target: 'tock.adminWeb.configmap',
      label: 'Variables d\'environnement',
      relations: [
        'yljlm0',
      ],
      color: 'gray',
      line: 'dashed',
      head: 'normal',
      description: {
        txt: 'Kubernetes ConfigMap',
      },
      points: [
        [
          3248,
          1228,
        ],
        [
          3249,
          1276,
        ],
        [
          3250,
          1336,
        ],
        [
          3250,
          1386,
        ],
      ],
      labelBBox: {
        x: 3250,
        y: 1297,
        width: 169,
        height: 18,
      },
      isLabelCustomized: false,
      controlPoints: null,
      navigateTo: null,
      tags: null,
    },
    {
      id: '18wrwuh',
      parent: 'tock',
      source: 'tock.adminWeb.pod',
      target: 'tock.botApi.svc',
      label: 'tock_bot_admin_rest_default_base_url / \ntock_configuration_bot_default_base_url',
      relations: [
        'wy0xv5',
      ],
      color: 'gray',
      line: 'dashed',
      head: 'normal',
      description: {
        txt: 'HTTP',
      },
      points: [
        [
          3088,
          1160,
        ],
        [
          2627,
          1221,
        ],
        [
          1295,
          1397,
        ],
        [
          807,
          1462,
        ],
      ],
      labelBBox: {
        x: 2094,
        y: 1289,
        width: 256,
        height: 35,
      },
      isLabelCustomized: false,
      controlPoints: null,
      navigateTo: null,
      tags: null,
    },
    {
      id: '1fpcmcd',
      parent: 'tock',
      source: 'tock.adminWeb.pod',
      target: 'tock.duckling.svc',
      label: 'nlp_duckling_url',
      relations: [
        '1nlb1b8',
      ],
      color: 'gray',
      line: 'dashed',
      head: 'normal',
      description: {
        txt: 'HTTP',
      },
      points: [
        [
          3103,
          1228,
        ],
        [
          3068,
          1257,
        ],
        [
          3035,
          1294,
        ],
        [
          3015,
          1336,
        ],
        [
          2963,
          1449,
        ],
        [
          2934,
          1522,
        ],
        [
          3015,
          1617,
        ],
        [
          3055,
          1663,
        ],
        [
          3108,
          1593,
        ],
        [
          3151,
          1637,
        ],
        [
          3205,
          1692,
        ],
        [
          3174,
          1732,
        ],
        [
          3174,
          1809,
        ],
        [
          3174,
          1809,
        ],
        [
          3174,
          1809,
        ],
        [
          3174,
          2444,
        ],
        [
          3174,
          2635,
        ],
        [
          2525,
          2610,
        ],
        [
          2335,
          2632,
        ],
        [
          2307,
          2636,
        ],
        [
          1841,
          2632,
        ],
        [
          1813,
          2640,
        ],
        [
          1773,
          2652,
        ],
        [
          1734,
          2673,
        ],
        [
          1699,
          2696,
        ],
      ],
      labelBBox: {
        x: 3175,
        y: 1961,
        width: 105,
        height: 18,
      },
      isLabelCustomized: false,
      controlPoints: null,
      navigateTo: null,
      tags: null,
    },
    {
      id: 'j7zbf4',
      parent: 'tock',
      source: 'tock.adminWeb.pod',
      target: 'tock.kotlinCompiler.svc',
      label: 'tock_bot_compiler_service_url',
      relations: [
        '17w7quj',
      ],
      color: 'gray',
      line: 'dashed',
      head: 'normal',
      description: {
        txt: 'HTTP',
      },
      points: [
        [
          3087,
          1159,
        ],
        [
          2926,
          1183,
        ],
        [
          2691,
          1226,
        ],
        [
          2624,
          1288,
        ],
        [
          2597,
          1314,
        ],
        [
          2581,
          1351,
        ],
        [
          2573,
          1387,
        ],
      ],
      labelBBox: {
        x: 2625,
        y: 1297,
        width: 193,
        height: 18,
      },
      isLabelCustomized: false,
      controlPoints: null,
      navigateTo: null,
      tags: null,
    },
    {
      id: 'avzvpe',
      parent: 'tock',
      source: 'tock.adminWeb.pod',
      target: 'tock.genaiOrchestrator.svc',
      label: 'tock_gen_ai_orchestrator_server_url',
      relations: [
        'u0ep88',
      ],
      color: 'gray',
      line: 'dashed',
      head: 'normal',
      description: {
        txt: 'HTTP',
      },
      points: [
        [
          3087,
          1180,
        ],
        [
          3030,
          1203,
        ],
        [
          2970,
          1237,
        ],
        [
          2931,
          1288,
        ],
        [
          2742,
          1537,
        ],
        [
          3049,
          1779,
        ],
        [
          2811,
          1982,
        ],
        [
          2801,
          1991,
        ],
        [
          2334,
          1987,
        ],
        [
          2321,
          1990,
        ],
        [
          2280,
          2002,
        ],
        [
          2238,
          2024,
        ],
        [
          2201,
          2046,
        ],
      ],
      labelBBox: {
        x: 2891,
        y: 1638,
        width: 232,
        height: 18,
      },
      isLabelCustomized: false,
      controlPoints: null,
      navigateTo: null,
      tags: null,
    },
    {
      id: 'xmck53',
      parent: 'tock.botApi',
      source: 'tock.botApi.svc',
      target: 'tock.botApi.pod',
      label: null,
      relations: [
        'o7f5lk',
      ],
      color: 'gray',
      line: 'dashed',
      head: 'normal',
      points: [
        [
          625,
          1577,
        ],
        [
          625,
          1618,
        ],
        [
          625,
          1667,
        ],
        [
          625,
          1709,
        ],
      ],
      labelBBox: null,
      isLabelCustomized: false,
      controlPoints: null,
      navigateTo: null,
      tags: null,
    },
    {
      id: 'jp3jsr',
      parent: 'tock.botApi',
      source: 'tock.botApi.ingress',
      target: 'tock.botApi.svc',
      label: 'HTTPS',
      relations: [
        'iwg7x2',
      ],
      color: 'gray',
      line: 'dashed',
      head: 'normal',
      description: {
        txt: 'Kubernetes Ingress',
      },
      points: [
        [
          625,
          1228,
        ],
        [
          625,
          1276,
        ],
        [
          625,
          1336,
        ],
        [
          625,
          1386,
        ],
      ],
      labelBBox: {
        x: 626,
        y: 1297,
        width: 50,
        height: 18,
      },
      isLabelCustomized: false,
      controlPoints: null,
      navigateTo: null,
      tags: null,
    },
    {
      id: 'tyfft3',
      parent: 'tock.botApi',
      source: 'tock.botApi.pod',
      target: 'tock.botApi.configmap',
      label: 'Variables d\'environnement',
      relations: [
        'mze755',
      ],
      color: 'gray',
      line: 'dashed',
      head: 'normal',
      description: {
        txt: 'Kubernetes ConfigMap',
      },
      points: [
        [
          625,
          1899,
        ],
        [
          625,
          1943,
        ],
        [
          625,
          1996,
        ],
        [
          625,
          2041,
        ],
      ],
      labelBBox: {
        x: 626,
        y: 1961,
        width: 169,
        height: 18,
      },
      isLabelCustomized: false,
      controlPoints: null,
      navigateTo: null,
      tags: null,
    },
    {
      id: '15pmon0',
      parent: 'tock',
      source: 'tock.botApi.pod',
      target: 'tock.nlpApi.svc',
      label: 'tock_nlp_service_url',
      relations: [
        '1xvkh6o',
      ],
      color: 'gray',
      line: 'dashed',
      head: 'normal',
      description: {
        txt: 'HTTP',
      },
      points: [
        [
          753,
          1899,
        ],
        [
          818,
          1945,
        ],
        [
          897,
          2000,
        ],
        [
          963,
          2046,
        ],
      ],
      labelBBox: {
        x: 863,
        y: 1961,
        width: 132,
        height: 18,
      },
      isLabelCustomized: false,
      controlPoints: null,
      navigateTo: null,
      tags: null,
    },
    {
      id: '1b7y3gc',
      parent: 'tock',
      source: 'tock.botApi.pod',
      target: 'tock.genaiOrchestrator.svc',
      label: 'tock_gen_ai_orchestrator_server_url',
      relations: [
        '1jgkqeb',
      ],
      color: 'gray',
      line: 'dashed',
      head: 'normal',
      description: {
        txt: 'HTTP',
      },
      points: [
        [
          802,
          1851,
        ],
        [
          1077,
          1913,
        ],
        [
          1603,
          2033,
        ],
        [
          1885,
          2098,
        ],
      ],
      labelBBox: {
        x: 1351,
        y: 1961,
        width: 232,
        height: 18,
      },
      isLabelCustomized: false,
      controlPoints: null,
      navigateTo: null,
      tags: null,
    },
    {
      id: '943987',
      parent: 'tock.nlpApi',
      source: 'tock.nlpApi.svc',
      target: 'tock.nlpApi.pod',
      label: null,
      relations: [
        '4e0l0c',
      ],
      color: 'gray',
      line: 'dashed',
      head: 'normal',
      points: [
        [
          1099,
          2232,
        ],
        [
          1099,
          2266,
        ],
        [
          1099,
          2307,
        ],
        [
          1099,
          2342,
        ],
      ],
      labelBBox: null,
      isLabelCustomized: false,
      controlPoints: null,
      navigateTo: null,
      tags: null,
    },
    {
      id: '5dnddz',
      parent: 'tock.nlpApi',
      source: 'tock.nlpApi.pod',
      target: 'tock.nlpApi.configmap',
      label: 'Variables d\'environnement',
      relations: [
        '1xnm2sr',
      ],
      color: 'gray',
      line: 'dashed',
      head: 'normal',
      description: {
        txt: 'Kubernetes ConfigMap',
      },
      points: [
        [
          1099,
          2532,
        ],
        [
          1099,
          2581,
        ],
        [
          1099,
          2641,
        ],
        [
          1099,
          2691,
        ],
      ],
      labelBBox: {
        x: 1100,
        y: 2602,
        width: 169,
        height: 18,
      },
      isLabelCustomized: false,
      controlPoints: null,
      navigateTo: null,
      tags: null,
    },
    {
      id: 'zy5y08',
      parent: 'tock',
      source: 'tock.nlpApi.pod',
      target: 'tock.duckling.svc',
      label: 'nlp_duckling_url',
      relations: [
        'aaz2xl',
      ],
      color: 'gray',
      line: 'dashed',
      head: 'normal',
      description: {
        txt: 'HTTP',
      },
      points: [
        [
          1222,
          2532,
        ],
        [
          1291,
          2582,
        ],
        [
          1377,
          2645,
        ],
        [
          1447,
          2695,
        ],
      ],
      labelBBox: {
        x: 1354,
        y: 2602,
        width: 105,
        height: 18,
      },
      isLabelCustomized: false,
      controlPoints: null,
      navigateTo: null,
      tags: null,
    },
    {
      id: '1qvjj93',
      parent: 'tock.duckling',
      source: 'tock.duckling.svc',
      target: 'tock.duckling.pod',
      label: null,
      relations: [
        '1j5hrx9',
      ],
      color: 'gray',
      line: 'dashed',
      head: 'normal',
      points: [
        [
          1578,
          2881,
        ],
        [
          1578,
          2923,
        ],
        [
          1578,
          2972,
        ],
        [
          1578,
          3014,
        ],
      ],
      labelBBox: null,
      isLabelCustomized: false,
      controlPoints: null,
      navigateTo: null,
      tags: null,
    },
    {
      id: '15zvz0n',
      parent: 'tock.duckling',
      source: 'tock.duckling.pod',
      target: 'tock.duckling.configmap',
      label: 'Variables d\'environnement',
      relations: [
        '17d6356',
      ],
      color: 'gray',
      line: 'dashed',
      head: 'normal',
      description: {
        txt: 'Kubernetes ConfigMap',
      },
      points: [
        [
          1578,
          3204,
        ],
        [
          1578,
          3245,
        ],
        [
          1578,
          3294,
        ],
        [
          1578,
          3337,
        ],
      ],
      labelBBox: {
        x: 1579,
        y: 3265,
        width: 169,
        height: 18,
      },
      isLabelCustomized: false,
      controlPoints: null,
      navigateTo: null,
      tags: null,
    },
    {
      id: '8eoqlz',
      parent: 'tock.kotlinCompiler',
      source: 'tock.kotlinCompiler.svc',
      target: 'tock.kotlinCompiler.pod',
      label: null,
      relations: [
        '1hamk62',
      ],
      color: 'gray',
      line: 'dashed',
      head: 'normal',
      points: [
        [
          2562,
          1577,
        ],
        [
          2562,
          1618,
        ],
        [
          2562,
          1667,
        ],
        [
          2562,
          1709,
        ],
      ],
      labelBBox: null,
      isLabelCustomized: false,
      controlPoints: null,
      navigateTo: null,
      tags: null,
    },
    {
      id: 'oz3v2f',
      parent: 'tock.kotlinCompiler',
      source: 'tock.kotlinCompiler.pod',
      target: 'tock.kotlinCompiler.configmap',
      label: 'Variables d\'environnement',
      relations: [
        '1trkmul',
      ],
      color: 'gray',
      line: 'dashed',
      head: 'normal',
      description: {
        txt: 'Kubernetes ConfigMap',
      },
      points: [
        [
          2563,
          1899,
        ],
        [
          2564,
          1943,
        ],
        [
          2565,
          1996,
        ],
        [
          2565,
          2041,
        ],
      ],
      labelBBox: {
        x: 2565,
        y: 1961,
        width: 169,
        height: 18,
      },
      isLabelCustomized: false,
      controlPoints: null,
      navigateTo: null,
      tags: null,
    },
    {
      id: 'jieio7',
      parent: 'tock.buildWorker',
      source: 'tock.buildWorker.pod',
      target: 'tock.buildWorker.configmap',
      label: 'Variables d\'environnement',
      relations: [
        '1k2ls16',
      ],
      color: 'gray',
      line: 'dashed',
      head: 'normal',
      description: {
        txt: 'Kubernetes ConfigMap',
      },
      points: [
        [
          3872,
          483,
        ],
        [
          3955,
          483,
        ],
        [
          4056,
          483,
        ],
        [
          4143,
          483,
        ],
      ],
      labelBBox: {
        x: 3715,
        y: 563,
        width: 169,
        height: 18,
      },
      isLabelCustomized: false,
      controlPoints: [
        {
          x: 3717,
          y: 626,
        },
      ],
      navigateTo: null,
      tags: null,
    },
    {
      id: '1gsxqzb',
      parent: 'tock.genaiOrchestrator',
      source: 'tock.genaiOrchestrator.svc',
      target: 'tock.genaiOrchestrator.pod',
      label: null,
      relations: [
        '1wv89tk',
      ],
      color: 'gray',
      line: 'dashed',
      head: 'normal',
      points: [
        [
          2074,
          2232,
        ],
        [
          2074,
          2266,
        ],
        [
          2074,
          2307,
        ],
        [
          2074,
          2342,
        ],
      ],
      labelBBox: null,
      isLabelCustomized: false,
      controlPoints: null,
      navigateTo: null,
      tags: null,
    },
    {
      id: '19kbm4n',
      parent: 'tock.genaiOrchestrator',
      source: 'tock.genaiOrchestrator.pod',
      target: 'tock.genaiOrchestrator.configmap',
      label: 'Variables d\'environnement',
      relations: [
        '1u23ib3',
      ],
      color: 'gray',
      line: 'dashed',
      head: 'normal',
      description: {
        txt: 'Kubernetes ConfigMap',
      },
      points: [
        [
          2074,
          2532,
        ],
        [
          2074,
          2581,
        ],
        [
          2074,
          2641,
        ],
        [
          2074,
          2691,
        ],
      ],
      labelBBox: {
        x: 2075,
        y: 2602,
        width: 169,
        height: 18,
      },
      isLabelCustomized: false,
      controlPoints: null,
      navigateTo: null,
      tags: null,
    },
    {
      id: '1p2vr41',
      parent: null,
      source: 'tock.botApi.pod',
      target: 'mongodb',
      label: 'tock_mongo_url',
      relations: [
        '1vfs8e4',
      ],
      color: 'gray',
      line: 'dashed',
      head: 'normal',
      description: {
        txt: 'MongoDB Wire Protocol',
      },
      points: [
        [
          802,
          1820,
        ],
        [
          1360,
          1850,
        ],
        [
          3060,
          1940,
        ],
        [
          3308,
          1960,
        ],
        [
          3716,
          1991,
        ],
        [
          5141,
          1731,
        ],
        [
          5141,
          2141,
        ],
        [
          5141,
          2141,
        ],
        [
          5141,
          2141,
        ],
        [
          5141,
          3115,
        ],
        [
          5141,
          3189,
        ],
        [
          5141,
          3273,
        ],
        [
          5141,
          3337,
        ],
      ],
      labelBBox: {
        x: 3874,
        y: 2931,
        width: 104,
        height: 18,
      },
      isLabelCustomized: false,
      controlPoints: [
        {
          x: 944,
          y: 1863,
        },
        {
          x: 2972,
          y: 2162,
        },
        {
          x: 3906,
          y: 2582,
        },
        {
          x: 3814,
          y: 3573,
        },
      ],
      navigateTo: null,
      tags: null,
    },
    {
      id: 'cliz0q',
      parent: null,
      source: 'tock.nlpApi.pod',
      target: 'mongodb',
      label: 'tock_mongo_url',
      relations: [
        '15bxnqs',
      ],
      color: 'gray',
      line: 'dashed',
      head: 'normal',
      description: {
        txt: 'MongoDB Wire Protocol',
      },
      points: [
        [
          1276,
          2466,
        ],
        [
          1420,
          2484,
        ],
        [
          1630,
          2511,
        ],
        [
          1813,
          2533,
        ],
        [
          2045,
          2560,
        ],
        [
          2107,
          2545,
        ],
        [
          2335,
          2593,
        ],
        [
          3340,
          2800,
        ],
        [
          4502,
          3204,
        ],
        [
          4951,
          3366,
        ],
      ],
      labelBBox: {
        x: 2868,
        y: 3167,
        width: 104,
        height: 18,
      },
      isLabelCustomized: false,
      controlPoints: [
        {
          x: 1313,
          y: 2509,
        },
        {
          x: 1720,
          y: 2628,
        },
        {
          x: 2943,
          y: 3231,
        },
      ],
      navigateTo: null,
      tags: null,
    },
    {
      id: '14bir9x',
      parent: null,
      source: 'tock.duckling.pod',
      target: 'mongodb',
      label: 'tock_mongo_url',
      relations: [
        '524nol',
      ],
      color: 'gray',
      line: 'dashed',
      head: 'normal',
      description: {
        txt: 'MongoDB Wire Protocol',
      },
      points: [
        [
          1760,
          3134,
        ],
        [
          2074,
          3167,
        ],
        [
          2740,
          3236,
        ],
        [
          3303,
          3287,
        ],
        [
          3904,
          3341,
        ],
        [
          4616,
          3396,
        ],
        [
          4950,
          3422,
        ],
      ],
      labelBBox: {
        x: 2651,
        y: 3434,
        width: 104,
        height: 18,
      },
      isLabelCustomized: false,
      controlPoints: [
        {
          x: 2112,
          y: 3287,
        },
        {
          x: 3642,
          y: 3743,
        },
      ],
      navigateTo: null,
      tags: null,
    },
    {
      id: 'i1kmlc',
      parent: null,
      source: 'tock.buildWorker.pod',
      target: 'mongodb',
      label: 'tock_mongo_url',
      relations: [
        '1np5x4q',
      ],
      color: 'gray',
      line: 'dashed',
      head: 'normal',
      description: {
        txt: 'MongoDB Wire Protocol',
      },
      points: [
        [
          3872,
          545,
        ],
        [
          3941,
          570,
        ],
        [
          4023,
          596,
        ],
        [
          4098,
          613,
        ],
        [
          4261,
          650,
        ],
        [
          5585,
          638,
        ],
        [
          5585,
          805,
        ],
        [
          5585,
          805,
        ],
        [
          5585,
          805,
        ],
        [
          5585,
          3115,
        ],
        [
          5585,
          3249,
        ],
        [
          5452,
          3332,
        ],
        [
          5332,
          3380,
        ],
      ],
      labelBBox: {
        x: 4342,
        y: 2153,
        width: 104,
        height: 18,
      },
      isLabelCustomized: false,
      controlPoints: [
        {
          x: 3897,
          y: 604,
        },
        {
          x: 4086,
          y: 783,
        },
        {
          x: 4283,
          y: 1500,
        },
        {
          x: 4157,
          y: 3629,
        },
      ],
      navigateTo: null,
      tags: null,
    },
    {
      id: 'yqghgq',
      parent: null,
      source: 'tock.genaiOrchestrator.pod',
      target: 'mongodb',
      label: 'tock_mongo_url',
      relations: [
        '1ogcmoj',
      ],
      color: 'gray',
      line: 'dashed',
      head: 'normal',
      description: {
        txt: 'MongoDB Wire Protocol',
      },
      points: [
        [
          2237,
          2452,
        ],
        [
          2571,
          2470,
        ],
        [
          3328,
          2517,
        ],
        [
          3574,
          2593,
        ],
        [
          4146,
          2767,
        ],
        [
          4750,
          3160,
        ],
        [
          5010,
          3341,
        ],
      ],
      labelBBox: {
        x: 3416,
        y: 3199,
        width: 104,
        height: 18,
      },
      isLabelCustomized: false,
      controlPoints: [
        {
          x: 2587,
          y: 2591,
        },
        {
          x: 3414,
          y: 3222,
        },
      ],
      navigateTo: null,
      tags: null,
    },
    {
      id: 'mj2632',
      parent: null,
      source: 'tock.genaiOrchestrator.pod',
      target: 'postgresql',
      label: 'urls.vectorstore (si \ndeployPgVector.enabled)',
      relations: [
        '17kgvfa',
      ],
      color: 'gray',
      line: 'dashed',
      head: 'normal',
      description: {
        txt: 'SQL',
      },
      points: [
        [
          2237,
          2448,
        ],
        [
          2681,
          2461,
        ],
        [
          3911,
          2504,
        ],
        [
          4305,
          2593,
        ],
        [
          4418,
          2618,
        ],
        [
          4539,
          2665,
        ],
        [
          4634,
          2706,
        ],
      ],
      labelBBox: {
        x: 2965,
        y: 3465,
        width: 161,
        height: 34,
      },
      isLabelCustomized: false,
      controlPoints: [
        {
          x: 2536,
          y: 2940,
        },
        {
          x: 2976,
          y: 3529,
        },
      ],
      navigateTo: null,
      tags: null,
    },
    {
      id: '94iuqm',
      parent: null,
      source: 'admin',
      target: 'tock.adminWeb.ingress',
      label: 'Administre Tock Studio',
      relations: [
        '10g2dip',
      ],
      color: 'gray',
      line: 'dashed',
      head: 'normal',
      description: {
        txt: 'HTTPS via Ingress',
      },
      points: [
        [
          3247,
          180,
        ],
        [
          3247,
          240,
        ],
        [
          3247,
          321,
        ],
        [
          3247,
          383,
        ],
      ],
      labelBBox: {
        x: 3248,
        y: 241,
        width: 148,
        height: 18,
      },
      isLabelCustomized: false,
      controlPoints: null,
      navigateTo: null,
      tags: null,
    },
    {
      id: 'eza86p',
      parent: null,
      source: 'endUser',
      target: 'tock.botApi.ingress',
      label: 'Envoie des messages',
      relations: [
        '9h9rdd',
      ],
      color: 'gray',
      line: 'dashed',
      head: 'normal',
      description: {
        txt: 'HTTPS via Ingress',
      },
      points: [
        [
          288,
          896,
        ],
        [
          352,
          941,
        ],
        [
          429,
          996,
        ],
        [
          493,
          1042,
        ],
      ],
      labelBBox: {
        x: 629,
        y: 557,
        width: 141,
        height: 18,
      },
      isLabelCustomized: false,
      controlPoints: [
        {
          x: 621,
          y: 570,
        },
      ],
      navigateTo: null,
      tags: null,
    },
    {
      id: '1301abu',
      parent: null,
      source: 'tock.adminWeb',
      target: 'mongodb',
      label: 'tock_mongo_url',
      relations: [
        '38naaz',
      ],
      color: 'gray',
      line: 'dashed',
      head: 'normal',
      description: {
        txt: 'MongoDB Wire Protocol',
      },
      points: [
        [
          3472,
          1498,
        ],
        [
          4014,
          1527,
        ],
        [
          5363,
          1619,
        ],
        [
          5363,
          1809,
        ],
        [
          5363,
          1809,
        ],
        [
          5363,
          1809,
        ],
        [
          5363,
          3115,
        ],
        [
          5363,
          3201,
        ],
        [
          5308,
          3281,
        ],
        [
          5253,
          3340,
        ],
      ],
      labelBBox: {
        x: 4153,
        y: 2378,
        width: 104,
        height: 18,
      },
      isLabelCustomized: false,
      controlPoints: [
        {
          x: 3961,
          y: 1748,
        },
        {
          x: 4128,
          y: 2172,
        },
        {
          x: 4001,
          y: 3582,
        },
      ],
      navigateTo: null,
      tags: null,
    },
  ],
  _layout: 'manual',
}
